******************************************************************************
                  TI ARM Linker PC v16.9.1                     
******************************************************************************
>> Linked Fri Jul 28 22:11:44 2017

OUTPUT FILE NAME:   <ble5_multi_role_cc2640r2lp_app.out>
ENTRY POINT SYMBOL: "ResetISR"  address: 000164e1


MEMORY CONFIGURATION

         name            origin    length      used     unused   attr    fill
----------------------  --------  ---------  --------  --------  ----  --------
  FLASH                 00000000   0001f000  0001dbf4  0000140c  R  X
  FLASH_LAST_PAGE       0001f000   00001000  00000058  00000fa8  R  X
  SRAM                  20000000   00004400  000033f4  0000100c  RW X


SEGMENT ALLOCATION MAP

run origin  load origin   length   init length attrs members
----------  ----------- ---------- ----------- ----- -------
00000000    00000000    0001bbfc   0001bbfc    r-x
  00000000    00000000    0000003c   0000003c    r-- .resetVecs
  0000003c    0000003c    00000fc4   00000fc4    r-x .text.1
  00001000    00001000    00000028   00000028    r-- .const:ti_sysbios_heaps_HeapMem_Module__FXNS__C
  00001028    00001028    00000024   00000024    r-- .const:ti_sysbios_gates_GateHwi_Module__FXNS__C
  0000104c    0000104c    00000024   00000024    r-- .const:ti_sysbios_gates_GateMutex_Module__FXNS__C
  00001070    00001070    00000020   00000020    r-- .const:ti_sysbios_family_arm_m3_Hwi_Object__DESC__C
  00001090    00001090    00000020   00000020    r-- .const:ti_sysbios_gates_GateHwi_Object__DESC__C
  000010b0    000010b0    00000020   00000020    r-- .const:ti_sysbios_gates_GateMutex_Object__DESC__C
  000010d0    000010d0    00000020   00000020    r-- .const:ti_sysbios_hal_Hwi_Object__DESC__C
  000010f0    000010f0    00000020   00000020    r-- .const:ti_sysbios_heaps_HeapMem_Object__DESC__C
  00001110    00001110    00000020   00000020    r-- .const:ti_sysbios_knl_Clock_Object__DESC__C
  00001130    00001130    00000020   00000020    r-- .const:ti_sysbios_knl_Event_Object__DESC__C
  00001150    00001150    00000020   00000020    r-- .const:ti_sysbios_knl_Mailbox_Object__DESC__C
  00001170    00001170    00000020   00000020    r-- .const:ti_sysbios_knl_Queue_Object__DESC__C
  00001190    00001190    00000020   00000020    r-- .const:ti_sysbios_knl_Semaphore_Object__DESC__C
  000011b0    000011b0    00000020   00000020    r-- .const:ti_sysbios_knl_Swi_Object__DESC__C
  000011d0    000011d0    00000020   00000020    r-- .const:ti_sysbios_knl_Task_Object__DESC__C
  000011f0    000011f0    00000008   00000008    r-- .const:ti_sysbios_knl_Idle_funcList__C
  000011f8    000011f8    00000004   00000004    r-- .const:ti_sysbios_family_arm_cc26xx_Timer_startupNeeded__C
  000011fc    000011fc    00000004   00000004    r-- .const:ti_sysbios_family_arm_m3_Hwi_E_alreadyDefined__C
  00001200    00001200    00000004   00000004    r-- .const:ti_sysbios_family_arm_m3_Hwi_E_hwiLimitExceeded__C
  00001204    00001204    00000004   00000004    r-- .const:ti_sysbios_family_arm_m3_Hwi_NUM_INTERRUPTS__C
  00001208    00001208    00000004   00000004    r-- .const:ti_sysbios_family_arm_m3_Hwi_Object__count__C
  0000120c    0000120c    00000004   00000004    r-- .const:ti_sysbios_family_arm_m3_Hwi_Object__table__C
  00001210    00001210    00000004   00000004    r-- .const:ti_sysbios_family_arm_m3_Hwi_ccr__C
  00001214    00001214    00000004   00000004    r-- .const:ti_sysbios_family_arm_m3_Hwi_excHandlerFunc__C
  00001218    00001218    00000004   00000004    r-- .const:ti_sysbios_family_arm_m3_Hwi_nullIsrFunc__C
  0000121c    0000121c    00000004   00000004    r-- .const:ti_sysbios_family_arm_m3_Hwi_numSparseInterrupts__C
  00001220    00001220    00000004   00000004    r-- .const:ti_sysbios_family_arm_m3_Hwi_priGroup__C
  00001224    00001224    00000004   00000004    r-- .const:ti_sysbios_family_arm_m3_TaskSupport_stackAlignment__C
  00001228    00001228    00000004   00000004    r-- .const:ti_sysbios_heaps_HeapMem_E_memory__C
  0000122c    0000122c    00000004   00000004    r-- .const:ti_sysbios_heaps_HeapMem_Module__gateObj__C
  00001230    00001230    00000004   00000004    r-- .const:ti_sysbios_heaps_HeapMem_Object__count__C
  00001234    00001234    00000004   00000004    r-- .const:ti_sysbios_heaps_HeapMem_Object__table__C
  00001238    00001238    00000004   00000004    r-- .const:ti_sysbios_heaps_HeapMem_reqAlign__C
  0000123c    0000123c    00000004   00000004    r-- .const:ti_sysbios_knl_Clock_triggerClock__C
  00001240    00001240    00000004   00000004    r-- .const:ti_sysbios_knl_Mailbox_Object__count__C
  00001244    00001244    00000004   00000004    r-- .const:ti_sysbios_knl_Mailbox_Object__table__C
  00001248    00001248    00000004   00000004    r-- .const:ti_sysbios_knl_Mailbox_maxTypeAlign__C
  0000124c    0000124c    00000004   00000004    r-- .const:ti_sysbios_knl_Queue_Object__count__C
  00001250    00001250    00000004   00000004    r-- .const:ti_sysbios_knl_Queue_Object__table__C
  00001254    00001254    00000004   00000004    r-- .const:ti_sysbios_knl_Semaphore_eventPost__C
  00001258    00001258    00000004   00000004    r-- .const:ti_sysbios_knl_Semaphore_eventSync__C
  0000125c    0000125c    00000004   00000004    r-- .const:ti_sysbios_knl_Swi_Object__count__C
  00001260    00001260    00000004   00000004    r-- .const:ti_sysbios_knl_Swi_Object__table__C
  00001264    00001264    00000004   00000004    r-- .const:ti_sysbios_knl_Swi_numPriorities__C
  00001268    00001268    00000004   00000004    r-- .const:ti_sysbios_knl_Task_Object__count__C
  0000126c    0000126c    00000004   00000004    r-- .const:ti_sysbios_knl_Task_Object__table__C
  00001270    00001270    00000004   00000004    r-- .const:ti_sysbios_knl_Task_allBlockedFunc__C
  00001274    00001274    00000004   00000004    r-- .const:ti_sysbios_knl_Task_defaultStackHeap__C
  00001278    00001278    00000004   00000004    r-- .const:ti_sysbios_knl_Task_defaultStackSize__C
  0000127c    0000127c    00000004   00000004    r-- .const:ti_sysbios_knl_Task_numConstructedTasks__C
  00001280    00001280    00000002   00000002    r-- .const:ti_sysbios_family_arm_cc26xx_Timer_Module__id__C
  00001282    00001282    00000002   00000002    r-- .const:ti_sysbios_family_arm_cc26xx_TimestampProvider_useClockTimer__C
  00001284    00001284    00000002   00000002    r-- .const:ti_sysbios_family_arm_m3_Hwi_Module__id__C
  00001286    00001286    00000002   00000002    r-- .const:ti_sysbios_gates_GateHwi_Module__id__C
  00001288    00001288    00000002   00000002    r-- .const:ti_sysbios_gates_GateMutex_Module__id__C
  0000128a    0000128a    00000002   00000002    r-- .const:ti_sysbios_heaps_HeapMem_Module__id__C
  0000128c    0000128c    00000002   00000002    r-- .const:ti_sysbios_knl_Task_initStackFlag__C
  0000128e    0000128e    00000001   00000001    r-- .const:ti_sysbios_knl_Clock_tickMode__C
  00001290    00001290    00000008   00000008    r-- .const:xdc_runtime_Startup_firstFxns__C
  00001298    00001298    00000008   00000008    r-- .const:xdc_runtime_Startup_lastFxns__C
  000012a0    000012a0    00000004   00000004    r-- .const:xdc_runtime_Assert_E_assertFailed__C
  000012a4    000012a4    00000004   00000004    r-- .const:xdc_runtime_Error_E_memory__C
  000012a8    000012a8    00000004   00000004    r-- .const:xdc_runtime_Error_policyFxn__C
  000012ac    000012ac    00000004   00000004    r-- .const:xdc_runtime_Error_raiseHook__C
  000012b0    000012b0    00000004   00000004    r-- .const:xdc_runtime_IGateProvider_Interface__BASE__C
  000012b4    000012b4    00000004   00000004    r-- .const:xdc_runtime_IHeap_Interface__BASE__C
  000012b8    000012b8    00000004   00000004    r-- .const:xdc_runtime_IModule_Interface__BASE__C
  000012bc    000012bc    00000004   00000004    r-- .const:xdc_runtime_Memory_defaultHeapInstance__C
  000012c0    000012c0    00000004   00000004    r-- .const:xdc_runtime_Startup_execImpl__C
  000012c4    000012c4    00000004   00000004    r-- .const:xdc_runtime_Startup_maxPasses__C
  000012c8    000012c8    00000004   00000004    r-- .const:xdc_runtime_Startup_sfxnRts__C
  000012cc    000012cc    00000004   00000004    r-- .const:xdc_runtime_Startup_sfxnTab__C
  000012d0    000012d0    00000004   00000004    r-- .const:xdc_runtime_Startup_startModsFxn__C
  000012d4    000012d4    00000004   00000004    r-- .const:xdc_runtime_SysCallback_abortFxn__C
  000012d8    000012d8    00000004   00000004    r-- .const:xdc_runtime_SysCallback_exitFxn__C
  000012dc    000012dc    00000004   00000004    r-- .const:xdc_runtime_System_abortFxn__C
  000012e0    000012e0    00000004   00000004    r-- .const:xdc_runtime_System_exitFxn__C
  000012e4    000012e4    00000004   00000004    r-- .const:xdc_runtime_System_maxAtexitHandlers__C
  000012e8    000012e8    00000004   00000004    r-- .const:xdc_runtime_Text_charTab__C
  000012ec    000012ec    00000004   00000004    r-- .const:xdc_runtime_Text_nameEmpty__C
  000012f0    000012f0    00000004   00000004    r-- .const:xdc_runtime_Text_nameStatic__C
  000012f4    000012f4    00000004   00000004    r-- .const:xdc_runtime_Text_nameUnknown__C
  000012f8    000012f8    00000002   00000002    r-- .const:xdc_runtime_Error_maxDepth__C
  000012fa    000012fa    00000002   00000002    r-- .const:xdc_runtime_Memory_Module__id__C
  000012fc    000012fc    00000002   00000002    r-- .const:xdc_runtime_Text_charCnt__C
  000012fe    000012fe    00000002   00000002    r-- .const:xdc_runtime_Text_isLoaded__C
  00001300    00001300    00000001   00000001    r-- .const:xdc_runtime_Error_policy__C
  00001304    00001304    00000004   00000004    r-- .const:ti_sysbios_rom_ROM_ti_sysbios_family_arm_cc26xx_Timer_getCount64__E
  00001308    00001308    00000004   00000004    r-- .const:ti_sysbios_rom_ROM_ti_sysbios_family_arm_cc26xx_Timer_getCurrentTick__E
  0000130c    0000130c    00000004   00000004    r-- .const:ti_sysbios_rom_ROM_ti_sysbios_family_arm_cc26xx_Timer_getMaxTicks__E
  00001310    00001310    00000004   00000004    r-- .const:ti_sysbios_rom_ROM_ti_sysbios_family_arm_cc26xx_Timer_initDevice__I
  00001314    00001314    00000004   00000004    r-- .const:ti_sysbios_rom_ROM_ti_sysbios_family_arm_cc26xx_Timer_setNextTick__E
  00001318    00001318    00000004   00000004    r-- .const:ti_sysbios_rom_ROM_ti_sysbios_family_arm_cc26xx_Timer_setThreshold__I
  0000131c    0000131c    00000004   00000004    r-- .const:ti_sysbios_rom_ROM_ti_sysbios_family_arm_cc26xx_Timer_start__E
  00001320    00001320    00000004   00000004    r-- .const:ti_sysbios_rom_ROM_ti_sysbios_family_arm_cc26xx_TimestampProvider_get32__E
  00001324    00001324    00000004   00000004    r-- .const:ti_sysbios_rom_ROM_xdc_runtime_Startup_getState__I
  00001328    00001328    00000004   00000004    r-- .const:ti_sysbios_rom_ROM_xdc_runtime_System_SupportProxy_abort__E
  0000132c    0000132c    00000004   00000004    r-- .const:ti_sysbios_rom_ROM_xdc_runtime_System_SupportProxy_exit__E
  00001330    00001330    00019314   00019314    r-x .text.2
  0001a644    0001a644    00000f1e   00000f1e    r-- .const
  0001b564    0001b564    000000a2   000000a2    r-- .rodata
  0001b608    0001b608    000005f4   000005f4    r-- .cinit
0001d000    0001d000    00002000   00002000    r--
  0001d000    0001d000    00002000   00002000    r-- .TI.bound:SNV_FLASH
0001ffa8    0001ffa8    00000058   00000058    r--
  0001ffa8    0001ffa8    00000058   00000058    r-- .ccfg
20000100    20000100    00002f2e   00000000    rw-
  20000100    20000100    00000044   00000000    rw- .data:ti_sysbios_knl_Task_Module__state__V
  20000144    20000144    00000034   00000000    rw- .data:ti_sysbios_family_arm_m3_Hwi_Module__state__V
  20000178    20000178    0000002c   00000000    rw- .data:ti_sysbios_knl_Clock_Module__state__V
  200001a4    200001a4    00000024   00000000    rw- .data:ti_sysbios_BIOS_Module__state__V
  200001c8    200001c8    0000001c   00000000    rw- .data:ti_sysbios_knl_Swi_Module__state__V
  200001e4    200001e4    00000008   00000000    rw- .data:ti_sysbios_family_arm_cc26xx_Timer_Module__state__V
  200001ec    200001ec    00000004   00000000    rw- .data:ti_sysbios_family_arm_cc26xx_TimestampProvider_Module__state__V
  200001f0    200001f0    00000008   00000000    rw- .data:xdc_runtime_Startup_Module__state__V
  200001f8    200001f8    00000008   00000000    rw- .data:xdc_runtime_System_Module__state__V
  20000200    20000200    00000004   00000000    rw- .data:xdc_runtime_Memory_Module__state__V
  20000204    20000204    00000002   00000000    rw- .data:xdc_runtime_Error_Module__state__V
  20000208    20000208    00001bcc   00000000    rw- .data
  20001dd8    20001dd8    00001256   00000000    rw- .bss
20004000    20004000    00000400   00000000    rw-
  20004000    20004000    00000400   00000000    rw- .stack


SECTION ALLOCATION MAP

 output                                  attributes/
section   page    origin      length       input sections
--------  ----  ----------  ----------   ----------------
.resetVecs 
*          0    00000000    0000003c     
                  00000000    0000003c     app_ble_pem3.oem3 (.resetVecs)

.text.1    0    0000003c    00000fc4     
                  0000003c    00000f48     cc2640_ll_pcxx_lr.a : ll.o (.text)
                  00000f84    00000008     ble_r2.symbols (.tramp.LL_ENC_GenerateTrueRandNum.1)
                  00000f8c    00000008     ble_r2.symbols (.tramp.LL_PRIV_GenerateRSA.1)
                  00000f94    00000008     ble_r2.symbols (.tramp.LL_ENC_Init.1)
                  00000f9c    00000064     driverlib.lib : sys_ctrl.obj (.text:NOROM_SysCtrlAdjustRechargeAfterPowerDown)

.const:ti_sysbios_heaps_HeapMem_Module__FXNS__C 
*          0    00001000    00000028     
                  00001000    00000028     app_ble_pem3.oem3 (.const:ti_sysbios_heaps_HeapMem_Module__FXNS__C)

.const:ti_sysbios_gates_GateHwi_Module__FXNS__C 
*          0    00001028    00000024     
                  00001028    00000024     app_ble_pem3.oem3 (.const:ti_sysbios_gates_GateHwi_Module__FXNS__C)

.const:ti_sysbios_gates_GateMutex_Module__FXNS__C 
*          0    0000104c    00000024     
                  0000104c    00000024     app_ble_pem3.oem3 (.const:ti_sysbios_gates_GateMutex_Module__FXNS__C)

.const:ti_sysbios_family_arm_m3_Hwi_Object__DESC__C 
*          0    00001070    00000020     
                  00001070    00000020     app_ble_pem3.oem3 (.const:ti_sysbios_family_arm_m3_Hwi_Object__DESC__C)

.const:ti_sysbios_gates_GateHwi_Object__DESC__C 
*          0    00001090    00000020     
                  00001090    00000020     app_ble_pem3.oem3 (.const:ti_sysbios_gates_GateHwi_Object__DESC__C)

.const:ti_sysbios_gates_GateMutex_Object__DESC__C 
*          0    000010b0    00000020     
                  000010b0    00000020     app_ble_pem3.oem3 (.const:ti_sysbios_gates_GateMutex_Object__DESC__C)

.const:ti_sysbios_hal_Hwi_Object__DESC__C 
*          0    000010d0    00000020     
                  000010d0    00000020     app_ble_pem3.oem3 (.const:ti_sysbios_hal_Hwi_Object__DESC__C)

.const:ti_sysbios_heaps_HeapMem_Object__DESC__C 
*          0    000010f0    00000020     
                  000010f0    00000020     app_ble_pem3.oem3 (.const:ti_sysbios_heaps_HeapMem_Object__DESC__C)

.const:ti_sysbios_knl_Clock_Object__DESC__C 
*          0    00001110    00000020     
                  00001110    00000020     app_ble_pem3.oem3 (.const:ti_sysbios_knl_Clock_Object__DESC__C)

.const:ti_sysbios_knl_Event_Object__DESC__C 
*          0    00001130    00000020     
                  00001130    00000020     app_ble_pem3.oem3 (.const:ti_sysbios_knl_Event_Object__DESC__C)

.const:ti_sysbios_knl_Mailbox_Object__DESC__C 
*          0    00001150    00000020     
                  00001150    00000020     app_ble_pem3.oem3 (.const:ti_sysbios_knl_Mailbox_Object__DESC__C)

.const:ti_sysbios_knl_Queue_Object__DESC__C 
*          0    00001170    00000020     
                  00001170    00000020     app_ble_pem3.oem3 (.const:ti_sysbios_knl_Queue_Object__DESC__C)

.const:ti_sysbios_knl_Semaphore_Object__DESC__C 
*          0    00001190    00000020     
                  00001190    00000020     app_ble_pem3.oem3 (.const:ti_sysbios_knl_Semaphore_Object__DESC__C)

.const:ti_sysbios_knl_Swi_Object__DESC__C 
*          0    000011b0    00000020     
                  000011b0    00000020     app_ble_pem3.oem3 (.const:ti_sysbios_knl_Swi_Object__DESC__C)

.const:ti_sysbios_knl_Task_Object__DESC__C 
*          0    000011d0    00000020     
                  000011d0    00000020     app_ble_pem3.oem3 (.const:ti_sysbios_knl_Task_Object__DESC__C)

.const:ti_sysbios_knl_Idle_funcList__C 
*          0    000011f0    00000008     
                  000011f0    00000008     app_ble_pem3.oem3 (.const:ti_sysbios_knl_Idle_funcList__C)

.const:ti_sysbios_family_arm_cc26xx_Timer_startupNeeded__C 
*          0    000011f8    00000004     
                  000011f8    00000004     app_ble_pem3.oem3 (.const:ti_sysbios_family_arm_cc26xx_Timer_startupNeeded__C)

.const:ti_sysbios_family_arm_m3_Hwi_E_alreadyDefined__C 
*          0    000011fc    00000004     
                  000011fc    00000004     app_ble_pem3.oem3 (.const:ti_sysbios_family_arm_m3_Hwi_E_alreadyDefined__C)

.const:ti_sysbios_family_arm_m3_Hwi_E_hwiLimitExceeded__C 
*          0    00001200    00000004     
                  00001200    00000004     app_ble_pem3.oem3 (.const:ti_sysbios_family_arm_m3_Hwi_E_hwiLimitExceeded__C)

.const:ti_sysbios_family_arm_m3_Hwi_NUM_INTERRUPTS__C 
*          0    00001204    00000004     
                  00001204    00000004     app_ble_pem3.oem3 (.const:ti_sysbios_family_arm_m3_Hwi_NUM_INTERRUPTS__C)

.const:ti_sysbios_family_arm_m3_Hwi_Object__count__C 
*          0    00001208    00000004     
                  00001208    00000004     app_ble_pem3.oem3 (.const:ti_sysbios_family_arm_m3_Hwi_Object__count__C)

.const:ti_sysbios_family_arm_m3_Hwi_Object__table__C 
*          0    0000120c    00000004     
                  0000120c    00000004     app_ble_pem3.oem3 (.const:ti_sysbios_family_arm_m3_Hwi_Object__table__C)

.const:ti_sysbios_family_arm_m3_Hwi_ccr__C 
*          0    00001210    00000004     
                  00001210    00000004     app_ble_pem3.oem3 (.const:ti_sysbios_family_arm_m3_Hwi_ccr__C)

.const:ti_sysbios_family_arm_m3_Hwi_excHandlerFunc__C 
*          0    00001214    00000004     
                  00001214    00000004     app_ble_pem3.oem3 (.const:ti_sysbios_family_arm_m3_Hwi_excHandlerFunc__C)

.const:ti_sysbios_family_arm_m3_Hwi_nullIsrFunc__C 
*          0    00001218    00000004     
                  00001218    00000004     app_ble_pem3.oem3 (.const:ti_sysbios_family_arm_m3_Hwi_nullIsrFunc__C)

.const:ti_sysbios_family_arm_m3_Hwi_numSparseInterrupts__C 
*          0    0000121c    00000004     
                  0000121c    00000004     app_ble_pem3.oem3 (.const:ti_sysbios_family_arm_m3_Hwi_numSparseInterrupts__C)

.const:ti_sysbios_family_arm_m3_Hwi_priGroup__C 
*          0    00001220    00000004     
                  00001220    00000004     app_ble_pem3.oem3 (.const:ti_sysbios_family_arm_m3_Hwi_priGroup__C)

.const:ti_sysbios_family_arm_m3_TaskSupport_stackAlignment__C 
*          0    00001224    00000004     
                  00001224    00000004     app_ble_pem3.oem3 (.const:ti_sysbios_family_arm_m3_TaskSupport_stackAlignment__C)

.const:ti_sysbios_heaps_HeapMem_E_memory__C 
*          0    00001228    00000004     
                  00001228    00000004     app_ble_pem3.oem3 (.const:ti_sysbios_heaps_HeapMem_E_memory__C)

.const:ti_sysbios_heaps_HeapMem_Module__gateObj__C 
*          0    0000122c    00000004     
                  0000122c    00000004     app_ble_pem3.oem3 (.const:ti_sysbios_heaps_HeapMem_Module__gateObj__C)

.const:ti_sysbios_heaps_HeapMem_Object__count__C 
*          0    00001230    00000004     
                  00001230    00000004     app_ble_pem3.oem3 (.const:ti_sysbios_heaps_HeapMem_Object__count__C)

.const:ti_sysbios_heaps_HeapMem_Object__table__C 
*          0    00001234    00000004     
                  00001234    00000004     app_ble_pem3.oem3 (.const:ti_sysbios_heaps_HeapMem_Object__table__C)

.const:ti_sysbios_heaps_HeapMem_reqAlign__C 
*          0    00001238    00000004     
                  00001238    00000004     app_ble_pem3.oem3 (.const:ti_sysbios_heaps_HeapMem_reqAlign__C)

.const:ti_sysbios_knl_Clock_triggerClock__C 
*          0    0000123c    00000004     
                  0000123c    00000004     app_ble_pem3.oem3 (.const:ti_sysbios_knl_Clock_triggerClock__C)

.const:ti_sysbios_knl_Mailbox_Object__count__C 
*          0    00001240    00000004     
                  00001240    00000004     app_ble_pem3.oem3 (.const:ti_sysbios_knl_Mailbox_Object__count__C)

.const:ti_sysbios_knl_Mailbox_Object__table__C 
*          0    00001244    00000004     
                  00001244    00000004     app_ble_pem3.oem3 (.const:ti_sysbios_knl_Mailbox_Object__table__C)

.const:ti_sysbios_knl_Mailbox_maxTypeAlign__C 
*          0    00001248    00000004     
                  00001248    00000004     app_ble_pem3.oem3 (.const:ti_sysbios_knl_Mailbox_maxTypeAlign__C)

.const:ti_sysbios_knl_Queue_Object__count__C 
*          0    0000124c    00000004     
                  0000124c    00000004     app_ble_pem3.oem3 (.const:ti_sysbios_knl_Queue_Object__count__C)

.const:ti_sysbios_knl_Queue_Object__table__C 
*          0    00001250    00000004     
                  00001250    00000004     app_ble_pem3.oem3 (.const:ti_sysbios_knl_Queue_Object__table__C)

.const:ti_sysbios_knl_Semaphore_eventPost__C 
*          0    00001254    00000004     
                  00001254    00000004     app_ble_pem3.oem3 (.const:ti_sysbios_knl_Semaphore_eventPost__C)

.const:ti_sysbios_knl_Semaphore_eventSync__C 
*          0    00001258    00000004     
                  00001258    00000004     app_ble_pem3.oem3 (.const:ti_sysbios_knl_Semaphore_eventSync__C)

.const:ti_sysbios_knl_Swi_Object__count__C 
*          0    0000125c    00000004     
                  0000125c    00000004     app_ble_pem3.oem3 (.const:ti_sysbios_knl_Swi_Object__count__C)

.const:ti_sysbios_knl_Swi_Object__table__C 
*          0    00001260    00000004     
                  00001260    00000004     app_ble_pem3.oem3 (.const:ti_sysbios_knl_Swi_Object__table__C)

.const:ti_sysbios_knl_Swi_numPriorities__C 
*          0    00001264    00000004     
                  00001264    00000004     app_ble_pem3.oem3 (.const:ti_sysbios_knl_Swi_numPriorities__C)

.const:ti_sysbios_knl_Task_Object__count__C 
*          0    00001268    00000004     
                  00001268    00000004     app_ble_pem3.oem3 (.const:ti_sysbios_knl_Task_Object__count__C)

.const:ti_sysbios_knl_Task_Object__table__C 
*          0    0000126c    00000004     
                  0000126c    00000004     app_ble_pem3.oem3 (.const:ti_sysbios_knl_Task_Object__table__C)

.const:ti_sysbios_knl_Task_allBlockedFunc__C 
*          0    00001270    00000004     
                  00001270    00000004     app_ble_pem3.oem3 (.const:ti_sysbios_knl_Task_allBlockedFunc__C)

.const:ti_sysbios_knl_Task_defaultStackHeap__C 
*          0    00001274    00000004     
                  00001274    00000004     app_ble_pem3.oem3 (.const:ti_sysbios_knl_Task_defaultStackHeap__C)

.const:ti_sysbios_knl_Task_defaultStackSize__C 
*          0    00001278    00000004     
                  00001278    00000004     app_ble_pem3.oem3 (.const:ti_sysbios_knl_Task_defaultStackSize__C)

.const:ti_sysbios_knl_Task_numConstructedTasks__C 
*          0    0000127c    00000004     
                  0000127c    00000004     app_ble_pem3.oem3 (.const:ti_sysbios_knl_Task_numConstructedTasks__C)

.const:ti_sysbios_family_arm_cc26xx_Timer_Module__id__C 
*          0    00001280    00000002     
                  00001280    00000002     app_ble_pem3.oem3 (.const:ti_sysbios_family_arm_cc26xx_Timer_Module__id__C)

.const:ti_sysbios_family_arm_cc26xx_TimestampProvider_useClockTimer__C 
*          0    00001282    00000002     
                  00001282    00000002     app_ble_pem3.oem3 (.const:ti_sysbios_family_arm_cc26xx_TimestampProvider_useClockTimer__C)

.const:ti_sysbios_family_arm_m3_Hwi_Module__id__C 
*          0    00001284    00000002     
                  00001284    00000002     app_ble_pem3.oem3 (.const:ti_sysbios_family_arm_m3_Hwi_Module__id__C)

.const:ti_sysbios_gates_GateHwi_Module__id__C 
*          0    00001286    00000002     
                  00001286    00000002     app_ble_pem3.oem3 (.const:ti_sysbios_gates_GateHwi_Module__id__C)

.const:ti_sysbios_gates_GateMutex_Module__id__C 
*          0    00001288    00000002     
                  00001288    00000002     app_ble_pem3.oem3 (.const:ti_sysbios_gates_GateMutex_Module__id__C)

.const:ti_sysbios_heaps_HeapMem_Module__id__C 
*          0    0000128a    00000002     
                  0000128a    00000002     app_ble_pem3.oem3 (.const:ti_sysbios_heaps_HeapMem_Module__id__C)

.const:ti_sysbios_knl_Task_initStackFlag__C 
*          0    0000128c    00000002     
                  0000128c    00000002     app_ble_pem3.oem3 (.const:ti_sysbios_knl_Task_initStackFlag__C)

.const:ti_sysbios_knl_Clock_tickMode__C 
*          0    0000128e    00000001     
                  0000128e    00000001     app_ble_pem3.oem3 (.const:ti_sysbios_knl_Clock_tickMode__C)

.const:xdc_runtime_Startup_firstFxns__C 
*          0    00001290    00000008     
                  00001290    00000008     app_ble_pem3.oem3 (.const:xdc_runtime_Startup_firstFxns__C)

.const:xdc_runtime_Startup_lastFxns__C 
*          0    00001298    00000008     
                  00001298    00000008     app_ble_pem3.oem3 (.const:xdc_runtime_Startup_lastFxns__C)

.const:xdc_runtime_Assert_E_assertFailed__C 
*          0    000012a0    00000004     
                  000012a0    00000004     app_ble_pem3.oem3 (.const:xdc_runtime_Assert_E_assertFailed__C)

.const:xdc_runtime_Error_E_memory__C 
*          0    000012a4    00000004     
                  000012a4    00000004     app_ble_pem3.oem3 (.const:xdc_runtime_Error_E_memory__C)

.const:xdc_runtime_Error_policyFxn__C 
*          0    000012a8    00000004     
                  000012a8    00000004     app_ble_pem3.oem3 (.const:xdc_runtime_Error_policyFxn__C)

.const:xdc_runtime_Error_raiseHook__C 
*          0    000012ac    00000004     
                  000012ac    00000004     app_ble_pem3.oem3 (.const:xdc_runtime_Error_raiseHook__C)

.const:xdc_runtime_IGateProvider_Interface__BASE__C 
*          0    000012b0    00000004     
                  000012b0    00000004     app_ble_pem3.oem3 (.const:xdc_runtime_IGateProvider_Interface__BASE__C)

.const:xdc_runtime_IHeap_Interface__BASE__C 
*          0    000012b4    00000004     
                  000012b4    00000004     app_ble_pem3.oem3 (.const:xdc_runtime_IHeap_Interface__BASE__C)

.const:xdc_runtime_IModule_Interface__BASE__C 
*          0    000012b8    00000004     
                  000012b8    00000004     app_ble_pem3.oem3 (.const:xdc_runtime_IModule_Interface__BASE__C)

.const:xdc_runtime_Memory_defaultHeapInstance__C 
*          0    000012bc    00000004     
                  000012bc    00000004     app_ble_pem3.oem3 (.const:xdc_runtime_Memory_defaultHeapInstance__C)

.const:xdc_runtime_Startup_execImpl__C 
*          0    000012c0    00000004     
                  000012c0    00000004     app_ble_pem3.oem3 (.const:xdc_runtime_Startup_execImpl__C)

.const:xdc_runtime_Startup_maxPasses__C 
*          0    000012c4    00000004     
                  000012c4    00000004     app_ble_pem3.oem3 (.const:xdc_runtime_Startup_maxPasses__C)

.const:xdc_runtime_Startup_sfxnRts__C 
*          0    000012c8    00000004     
                  000012c8    00000004     app_ble_pem3.oem3 (.const:xdc_runtime_Startup_sfxnRts__C)

.const:xdc_runtime_Startup_sfxnTab__C 
*          0    000012cc    00000004     
                  000012cc    00000004     app_ble_pem3.oem3 (.const:xdc_runtime_Startup_sfxnTab__C)

.const:xdc_runtime_Startup_startModsFxn__C 
*          0    000012d0    00000004     
                  000012d0    00000004     app_ble_pem3.oem3 (.const:xdc_runtime_Startup_startModsFxn__C)

.const:xdc_runtime_SysCallback_abortFxn__C 
*          0    000012d4    00000004     
                  000012d4    00000004     app_ble_pem3.oem3 (.const:xdc_runtime_SysCallback_abortFxn__C)

.const:xdc_runtime_SysCallback_exitFxn__C 
*          0    000012d8    00000004     
                  000012d8    00000004     app_ble_pem3.oem3 (.const:xdc_runtime_SysCallback_exitFxn__C)

.const:xdc_runtime_System_abortFxn__C 
*          0    000012dc    00000004     
                  000012dc    00000004     app_ble_pem3.oem3 (.const:xdc_runtime_System_abortFxn__C)

.const:xdc_runtime_System_exitFxn__C 
*          0    000012e0    00000004     
                  000012e0    00000004     app_ble_pem3.oem3 (.const:xdc_runtime_System_exitFxn__C)

.const:xdc_runtime_System_maxAtexitHandlers__C 
*          0    000012e4    00000004     
                  000012e4    00000004     app_ble_pem3.oem3 (.const:xdc_runtime_System_maxAtexitHandlers__C)

.const:xdc_runtime_Text_charTab__C 
*          0    000012e8    00000004     
                  000012e8    00000004     app_ble_pem3.oem3 (.const:xdc_runtime_Text_charTab__C)

.const:xdc_runtime_Text_nameEmpty__C 
*          0    000012ec    00000004     
                  000012ec    00000004     app_ble_pem3.oem3 (.const:xdc_runtime_Text_nameEmpty__C)

.const:xdc_runtime_Text_nameStatic__C 
*          0    000012f0    00000004     
                  000012f0    00000004     app_ble_pem3.oem3 (.const:xdc_runtime_Text_nameStatic__C)

.const:xdc_runtime_Text_nameUnknown__C 
*          0    000012f4    00000004     
                  000012f4    00000004     app_ble_pem3.oem3 (.const:xdc_runtime_Text_nameUnknown__C)

.const:xdc_runtime_Error_maxDepth__C 
*          0    000012f8    00000002     
                  000012f8    00000002     app_ble_pem3.oem3 (.const:xdc_runtime_Error_maxDepth__C)

.const:xdc_runtime_Memory_Module__id__C 
*          0    000012fa    00000002     
                  000012fa    00000002     app_ble_pem3.oem3 (.const:xdc_runtime_Memory_Module__id__C)

.const:xdc_runtime_Text_charCnt__C 
*          0    000012fc    00000002     
                  000012fc    00000002     app_ble_pem3.oem3 (.const:xdc_runtime_Text_charCnt__C)

.const:xdc_runtime_Text_isLoaded__C 
*          0    000012fe    00000002     
                  000012fe    00000002     app_ble_pem3.oem3 (.const:xdc_runtime_Text_isLoaded__C)

.const:xdc_runtime_Error_policy__C 
*          0    00001300    00000001     
                  00001300    00000001     app_ble_pem3.oem3 (.const:xdc_runtime_Error_policy__C)

.const:ti_sysbios_rom_ROM_ti_sysbios_family_arm_cc26xx_Timer_getCount64__E 
*          0    00001304    00000004     
                  00001304    00000004     app_ble_pem3.oem3 (.const:ti_sysbios_rom_ROM_ti_sysbios_family_arm_cc26xx_Timer_getCount64__E)

.const:ti_sysbios_rom_ROM_ti_sysbios_family_arm_cc26xx_Timer_getCurrentTick__E 
*          0    00001308    00000004     
                  00001308    00000004     app_ble_pem3.oem3 (.const:ti_sysbios_rom_ROM_ti_sysbios_family_arm_cc26xx_Timer_getCurrentTick__E)

.const:ti_sysbios_rom_ROM_ti_sysbios_family_arm_cc26xx_Timer_getMaxTicks__E 
*          0    0000130c    00000004     
                  0000130c    00000004     app_ble_pem3.oem3 (.const:ti_sysbios_rom_ROM_ti_sysbios_family_arm_cc26xx_Timer_getMaxTicks__E)

.const:ti_sysbios_rom_ROM_ti_sysbios_family_arm_cc26xx_Timer_initDevice__I 
*          0    00001310    00000004     
                  00001310    00000004     app_ble_pem3.oem3 (.const:ti_sysbios_rom_ROM_ti_sysbios_family_arm_cc26xx_Timer_initDevice__I)

.const:ti_sysbios_rom_ROM_ti_sysbios_family_arm_cc26xx_Timer_setNextTick__E 
*          0    00001314    00000004     
                  00001314    00000004     app_ble_pem3.oem3 (.const:ti_sysbios_rom_ROM_ti_sysbios_family_arm_cc26xx_Timer_setNextTick__E)

.const:ti_sysbios_rom_ROM_ti_sysbios_family_arm_cc26xx_Timer_setThreshold__I 
*          0    00001318    00000004     
                  00001318    00000004     app_ble_pem3.oem3 (.const:ti_sysbios_rom_ROM_ti_sysbios_family_arm_cc26xx_Timer_setThreshold__I)

.const:ti_sysbios_rom_ROM_ti_sysbios_family_arm_cc26xx_Timer_start__E 
*          0    0000131c    00000004     
                  0000131c    00000004     app_ble_pem3.oem3 (.const:ti_sysbios_rom_ROM_ti_sysbios_family_arm_cc26xx_Timer_start__E)

.const:ti_sysbios_rom_ROM_ti_sysbios_family_arm_cc26xx_TimestampProvider_get32__E 
*          0    00001320    00000004     
                  00001320    00000004     app_ble_pem3.oem3 (.const:ti_sysbios_rom_ROM_ti_sysbios_family_arm_cc26xx_TimestampProvider_get32__E)

.const:ti_sysbios_rom_ROM_xdc_runtime_Startup_getState__I 
*          0    00001324    00000004     
                  00001324    00000004     app_ble_pem3.oem3 (.const:ti_sysbios_rom_ROM_xdc_runtime_Startup_getState__I)

.const:ti_sysbios_rom_ROM_xdc_runtime_System_SupportProxy_abort__E 
*          0    00001328    00000004     
                  00001328    00000004     app_ble_pem3.oem3 (.const:ti_sysbios_rom_ROM_xdc_runtime_System_SupportProxy_abort__E)

.const:ti_sysbios_rom_ROM_xdc_runtime_System_SupportProxy_exit__E 
*          0    0000132c    00000004     
                  0000132c    00000004     app_ble_pem3.oem3 (.const:ti_sysbios_rom_ROM_xdc_runtime_System_SupportProxy_exit__E)

.text.2    0    00001330    00019314     
                  00001330    00001070     multi_role.obj (.text:multi_role_taskFxn$3)
                  000023a0    00000880     multi_role.obj (.text:multi_role_processStackMsg$3)
                  00002c20    000007bc     cc2640_ll_pcxx_lr.a : ble.o (.text)
                  000033dc    000007b8                         : ble.o (.text)
                  00003b94    00000548                         : ll_isr.o (.text)
                  000040dc    00000538                         : ll_adv_end_causes.o (.text)
                  00004614    00000538                         : ll_master_end_causes.o (.text)
                  00004b4c    000004dc                         : ll_slave_end_causes.o (.text)
                  00005028    0000047c                         : ll_scheduler.o (.text)
                  000054a4    00000458                         : ll.o (.text)
                  000058fc    00000424                         : ll_isr.o (.text)
                  00005d20    00000424                         : ll_slave_end_causes.o (.text)
                  00006144    000003b0                         : ll_init_end_causes.o (.text)
                  000064f4    00000350     ble5_multi_role_cc2640r2lp_stack_library.lib : icall_startup.obj (.text:startup_entry)
                  00006844    00000344     RFCC26XX_singleMode.obj (.text:fsmActiveState$8)
                  00006b88    0000033c     rom_sysbios.aem3 : rom_sysbios.obj (.text:xdc_runtime_System_doPrint__I)
                  00006ec4    00000314     drivers_cc26x0r2.aem3 : PowerCC26XX_calibrateRCOSC.oem3 (.text:PowerCC26XX_auxISR)
                  000071d8    000002d4     ble5_multi_role_cc2640r2lp_stack_library.lib : gapbondmgr.obj (.text:GAPBondMgr_ProcessGAPMsg)
                  000074ac    000002c8     cc2640_ll_pcxx_lr.a : ll.o (.text)
                  00007774    000002ac     ble5_multi_role_cc2640r2lp_stack_library.lib : gapbondmgr.obj (.text:GAPBondMgr_SetParameter)
                  00007a20    0000028c                                                  : gapbondmgr.obj (.text:GAPBondMgr_ProcessEvent)
                  00007cac    0000024c     cc26xx_profiles_pcxx.a : gapgattserver.o (.text)
                  00007ef8    0000024c     drivers_cc26x0r2.aem3 : CryptoCC26XX.oem3 (.text:cryptoTransactionExecute)
                  00008144    0000021c                           : PowerCC26XX.oem3 (.text:Power_sleep)
                  00008360    00000218     cc2640_ll_pcxx_lr.a : ll_common.o (.text)
                  00008578    00000218                         : ll_slave_end_causes.o (.text)
                  00008790    00000218     multi.obj (.text:gapRole_processGAPMsg$18)
                  000089a8    00000210     driverlib.lib : sys_ctrl.obj (.text:NOROM_SysCtrlSetRechargeBeforePowerDown)
                  00008bb8    00000204     cc26xx_sm_pcxx.a : sm_pairing.o (.text)
                  00008dbc    00000200     multi.obj (.text:gapRole_taskFxn$18)
                  00008fbc    000001f8     cc2640_ll_pcxx_lr.a : ll_common.o (.text)
                  000091b4    000001f8     cc26xx_profiles_pcxx.a : gattservapp.o (.text)
                  000093ac    000001f4     rtsv7M3_T_le_eabi.lib : ull_div_t2.obj (.text)
                  000095a0    000001f0     cc2640_ll_pcxx_lr.a : ll_common.o (.text)
                  00009790    000001ec                         : ll_common.o (.text)
                  0000997c    000001dc                         : ll_common.o (.text)
                  00009b58    000001dc     RFCC26XX_singleMode.obj (.text:fsmSetupState$8)
                  00009d34    000001d8     cc2640_ll_pcxx_lr.a : ll_master_end_causes.o (.text)
                  00009f0c    000001d0                         : ll.o (.text)
                  0000a0dc    000001d0     ble5_multi_role_cc2640r2lp_stack_library.lib : gapbondmgr.obj (.text:gapBondMgrAddBond$44)
                  0000a2ac    000001c8     cc2640_ll_pcxx_lr.a : ll_isr.o (.text)
                  0000a474    000001c4                         : ll.o (.text)
                  0000a638    000001c0     cc26xx_sm_pcxx.a : sm_intpairing.o (.text)
                  0000a7f8    000001c0     ble5_multi_role_cc2640r2lp_stack_library.lib : osal.obj (.text:osal_start_system)
                  0000a9b8    000001bc     main.obj (.text:AssertHandler)
                  0000ab74    000001b4     drivers_cc26x0r2.aem3 : PINCC26XX.oem3 (.text:PIN_init)
                  0000ad28    000001a8     RFCC26XX_singleMode.obj (.text:RF_postCmd)
                  0000aed0    000001a4     cc2640_ll_pcxx_lr.a : ll.o (.text)
                  0000b074    00000198     drivers_cc26x0r2.aem3 : PowerCC26XX_calibrateRCOSC.oem3 (.text:PowerCC26XX_doCalibrate)
                  0000b20c    00000194     ble5_multi_role_cc2640r2lp_stack_library.lib : gapbondmgr.obj (.text:gapBondMgrAuthenticate$44)
                  0000b3a0    00000194     icall.obj (.text:icall_directAPI)
                  0000b534    00000190     ECCROMCC26XX.obj (.text:ECCROMCC26XX_genDHKey)
                  0000b6c4    00000190     drivers_cc26x0r2.aem3 : UARTCC26XX.oem3 (.text:UARTCC26XX_open)
                  0000b854    00000190     cc2640_ll_pcxx_lr.a : ll_common.o (.text)
                  0000b9e4    00000180                         : ll_master_end_causes.o (.text)
                  0000bb64    0000017c     RFCC26XX_singleMode.obj (.text:abortCmd$8)
                  0000bce0    00000174     multi.obj (.text:GAPRole_SetParameter)
                  0000be54    00000170     cc26xx_gatt_pcxx.a : gatt_client.o (.text)
                  0000bfc4    00000160                        : gatt_client.o (.text)
                  0000c124    00000154     multi_role.obj (.text:multi_role_processGATTDiscEvent$3)
                  0000c278    00000150     cc26xx_sm_pcxx.a : sm_intpairing.o (.text)
                  0000c3c8    0000014c     cc26xx_gap_pcxx.a : gap_linkmgr.o (.text)
                  0000c514    00000144     ble5_multi_role_cc2640r2lp_stack_library.lib : gapbondmgr.obj (.text:GAPBondMgr_LinkEst)
                  0000c658    00000144     cc2640_ll_pcxx_lr.a : ll_common.o (.text)
                  0000c79c    00000138                         : ll.o (.text)
                  0000c8d4    00000134     drivers_cc26x0r2.aem3 : PowerCC26XX.oem3 (.text:Power_init)
                  0000ca08    00000130     cc2640_ll_pcxx_lr.a : ll.o (.text)
                  0000cb38    00000130     ble5_multi_role_cc2640r2lp_stack_library.lib : gapbondmgr.obj (.text:gapBondMgrEraseBonding$44)
                  0000cc68    00000128     ECCROMCC26XX.obj (.text:ECCROMCC26XX_genKeys)
                  0000cd90    00000128     cc2640_ll_pcxx_lr.a : ll_scheduler.o (.text)
                  0000ceb8    00000128     cc26xx_sm_pcxx.a : sm_task.o (.text)
                  0000cfe0    00000120     main.obj (.text:main)
                  0000d100    00000118     drivers_cc26x0r2.aem3 : UARTCC26XX.oem3 (.text:UARTCC26XX_read)
                  0000d218    00000118     ble5_multi_role_cc2640r2lp_stack_library.lib : osal_snv_wrapper.obj (.text:osal_snv_write)
                  0000d330    00000114     cc2640_ll_pcxx_lr.a : ll.o (.text)
                  0000d444    00000110     RFCC26XX_singleMode.obj (.text:fsmPowerUpState$8)
                  0000d554    0000010c     cc2640_ll_pcxx_lr.a : ll_adv_end_causes.o (.text)
                  0000d660    0000010c     RFCC26XX_singleMode.obj (.text:hwiFxnCpe0Active$8)
                  0000d76c    0000010a     drivers_cc26x0r2.aem3 : UARTCC26XX.oem3 (.text:UARTCC26XX_hwiIntFxn)
                  0000d876    00000002     ble_user_config.obj (.text:DefaultAssertCback)
                  0000d878    00000104     cc26xx_gap_pcxx.a : gap_centdevmgr.o (.text)
                  0000d97c    00000104     RFCC26XX_singleMode.obj (.text:rf_init$8)
                  0000da80    00000100     cc2640_ll_pcxx_lr.a : ll_scan_end_causes.o (.text)
                  0000db80    000000fc     drivers_cc26x0r2.aem3 : UARTCC26XX.oem3 (.text:UARTCC26XX_write)
                  0000dc7c    000000fc     cc26xx_gap_pcxx.a : gap_centlinkmgr.o (.text)
                  0000dd78    000000fc     two_btn_menu.obj (.text:tbm_displayItemPage)
                  0000de74    000000f8     drivers_cc26x0r2.aem3 : CryptoCC26XX.oem3 (.text:CryptoCC26XX_open)
                  0000df6c    000000f8     cc2640_ll_pcxx_lr.a : ll.o (.text)
                  0000e064    000000f8                         : ll_common.o (.text)
                  0000e15c    000000f8     RFCC26XX_singleMode.obj (.text:radioOpDoneCb$8)
                  0000e254    000000f8     app_ble_pem3.oem3 (.text:xdc_runtime_System_printfExtend__I)
                  0000e34c    000000f4     ble5_multi_role_cc2640r2lp_stack_library.lib : osal_snv_wrapper.obj (.text:compactPage$41)
                  0000e440    000000f0     cc2640_ll_pcxx_lr.a : ll.o (.text)
                  0000e530    000000ec     cc26xx_gap_pcxx.a : gap_linkmgr.o (.text)
                  0000e61c    000000ec     ble5_multi_role_cc2640r2lp_stack_library.lib : osal_timers.obj (.text:osalTimerUpdate)
                  0000e708    000000e4     simple_gatt_profile.obj (.text:SimpleProfile_SetParameter)
                  0000e7ec    000000e4     cc2640_ll_pcxx_lr.a : ll_common.o (.text)
                  0000e8d0    000000e4     cc26xx_gatt_pcxx.a : gatt_client.o (.text)
                  0000e9b4    000000e4     cc26xx_sm_pcxx.a : sm_intpairing.o (.text)
                  0000ea98    000000e0     cc2640_hci_pcxx_lr.a : hci_event.o (.text)
                  0000eb78    000000e0     cc2640_ll_pcxx_lr.a : ll.o (.text)
                  0000ec58    000000e0     simple_gatt_profile.obj (.text:simpleProfile_WriteAttrCB$19)
                  0000ed38    000000dc     drivers_cc26x0r2.aem3 : PINCC26XX.oem3 (.text:PINCC26XX_setIoCfg)
                  0000ee14    000000d8     cc26xx_gap_pcxx.a : gap_centdevmgr.o (.text)
                  0000eeec    000000d4     dpl_cc26x0r2.aem3 : PowerCC26XX_tirtos.oem3 (.text:PowerCC26XX_standbyPolicy)
                  0000efc0    000000d4     cc2640_ll_pcxx_lr.a : ll_scheduler.o (.text)
                  0000f094    000000d0                         : ll_scan_end_causes.o (.text)
                  0000f164    000000ce     cc26xx_sm_pcxx.a : sm_pairing.o (.text)
                  0000f232    00000002     display.aem3 : DisplayUart.oem3 (.text:DisplayUartAnsi_init)
                  0000f234    000000c8     multi.obj (.text:GAPRole_GetParameter)
                  0000f2fc    000000c6     cc2640_ll_pcxx_lr.a : ll.o (.text)
                  0000f3c2    00000002     ble5_multi_role_cc2640r2lp_stack_library.lib : onboard.obj (.text:Onboard_soft_reset)
                  0000f3c4    000000c4     RFCC26XX_singleMode.obj (.text:RF_open)
                  0000f488    000000c0     ble5_multi_role_cc2640r2lp_stack_library.lib : osal.obj (.text:osal_set_event)
                  0000f548    000000bc     drivers_cc26x0r2.aem3 : PowerCC26XX.oem3 (.text:Power_releaseDependency)
                  0000f604    000000bc     cc2640_hci_pcxx_lr.a : hci_event.o (.text)
                  0000f6c0    000000bc     cc2640_ll_pcxx_lr.a : ll_common.o (.text)
                  0000f77c    000000b8     driverlib.lib : setup.obj (.text:NOROM_SetupTrimDevice)
                  0000f834    000000b8     multi_role.obj (.text:mr_doScan)
                  0000f8ec    000000b4     drivers_cc26x0r2.aem3 : PowerCC26XX.oem3 (.text:Power_setDependency)
                  0000f9a0    000000b4     cc2640_ll_pcxx_lr.a : ll.o (.text)
                  0000fa54    000000b4                         : ll_adv_end_causes.o (.text)
                  0000fb08    000000b4                         : ll_common.o (.text)
                  0000fbbc    000000b3     display.aem3 : DisplayUart.oem3 (.text:DisplayUartAnsi_open)
                  0000fc6f    00000001     --HOLE-- [fill = 0]
                  0000fc70    000000b0     TRNGCC26XX.obj (.text:TRNGCC26XX_getNumber)
                  0000fd20    000000b0     drivers_cc26x0r2.aem3 : UARTCC26XX.oem3 (.text:UARTCC26XX_initHw)
                  0000fdd0    000000b0     cc2640_hci_pcxx_lr.a : hci_event.o (.text)
                  0000fe80    000000b0     cc26xx_gap_pcxx.a : gap_linkmgr.o (.text)
                  0000ff30    000000b0     devinfoservice.obj (.text:devInfo_ReadAttrCB$15)
                  0000ffe0    000000ac     display.aem3 : DisplayUart.oem3 (.text:DisplayUartAnsi_clearLines)
                  0001008c    000000ac     multi_role.obj (.text:add_to_timeSync_reqList$3)
                  00010138    000000ac     cc2640_ll_pcxx_lr.a : ll.o (.text)
                  000101e4    000000ac                         : ll.o (.text)
                  00010290    000000a8                         : ll.o (.text)
                  00010338    000000a4     ble5_multi_role_cc2640r2lp_stack_library.lib : gapbondmgr.obj (.text:GAPBondMgr_ResolveAddr)
                  000103dc    000000a4     cc2640_ll_pcxx_lr.a : ble.o (.text)
                  00010480    000000a4     cc26xx_gatt_pcxx.a : gatt_client.o (.text)
                  00010524    000000a4     cc26xx_sm_pcxx.a : sm_intpairing.o (.text)
                  000105c8    000000a4     ble5_multi_role_cc2640r2lp_stack_library.lib : osal.obj (.text:osal_msg_enqueue_push$36)
                  0001066c    000000a2     cc2640_ll_pcxx_lr.a : ll_common.o (.text)
                  0001070e    000000a2                         : ll_common.o (.text)
                  000107b0    000000a0     auto_init.aem3 : auto_init.oem3 (.text)
                  00010850    000000a0     cc2640_hci_pcxx_lr.a : hci_event.o (.text)
                  000108f0    000000a0     ble5_multi_role_cc2640r2lp_stack_library.lib : gapbondmgr.obj (.text:gapBondMgr_gapIdle$44)
                  00010990    000000a0     multi.obj (.text:gapRole_connUpdate)
                  00010a30    0000009f     display.aem3 : DisplayUart.oem3 (.text:DisplayUartAnsi_vprintf)
                  00010acf    00000001     --HOLE-- [fill = 0]
                  00010ad0    0000009e     ble5_multi_role_cc2640r2lp_stack_library.lib : gapbondmgr.obj (.text:gapBondMgrUpdateCharCfg$44)
                  00010b6e    00000002                                                  : sm_ecc.obj (.text:SM_dhKeyCB)
                  00010b70    0000009e     rom_sysbios.aem3 : rom_sysbios.obj (.text:xdc_runtime_Text_putSite__E)
                  00010c0e    00000002     ble5_multi_role_cc2640r2lp_stack_library.lib : sm_ecc.obj (.text:SM_p256KeyCB)
                  00010c10    0000009c                                                  : osal_cbtimer.obj (.text:cbTimerSetup$38)
                  00010cac    0000009c     cc2640_ll_pcxx_lr.a : ll.o (.text)
                  00010d48    0000009c     rtsv7M3_T_le_eabi.lib : memcpy_t2.obj (.text)
                  00010de4    00000098     drivers_cc26x0r2.aem3 : PINCC26XX.oem3 (.text:PIN_open)
                  00010e7c    00000098                           : UARTCC26XX.oem3 (.text:UARTCC26XX_initIO)
                  00010f14    00000098     cc2640_ll_pcxx_lr.a : ll.o (.text)
                  00010fac    00000098                         : ll_scheduler.o (.text)
                  00011044    00000098     cc26xx_gap_pcxx.a : gap_centdevmgr.o (.text)
                  000110dc    00000098     multi_role.obj (.text:mr_doConnect)
                  00011174    00000098     multi_role.obj (.text:mr_doGattRw)
                  0001120c    00000098     rom_sysbios.aem3 : rom_sysbios.obj (.text:ti_sysbios_knl_Clock_workFuncDynamic__E)
                  000112a4    00000098                      : rom_sysbios.obj (.text:xdc_runtime_Text_putMod__E)
                  0001133c    00000094     icall.obj (.text:ICall_setTimer)
                  000113d0    00000094     cc2640_ll_pcxx_lr.a : ll.o (.text)
                  00011464    00000094                         : ll_common.o (.text)
                  000114f8    00000094                         : ll_enc.o (.text)
                  0001158c    00000094     cc26xx_gatt_pcxx.a : gatt_client.o (.text)
                  00011620    00000094     cc26xx_sm_pcxx.a : sm_pairing.o (.text)
                  000116b4    00000094     ble5_multi_role_cc2640r2lp_stack_library.lib : osal.obj (.text:osal_msg_receive)
                  00011748    00000094                                                  : osal_timers.obj (.text:osal_timer_refTimeUpdate)
                  000117dc    00000094     multi_role.obj (.text:set_and_start_advertising$3)
                  00011870    00000094     drivers_cc26x0r2.aem3 : UARTCC26XX.oem3 (.text:writeFinishedDoCallback)
                  00011904    00000092     cc2640_ll_pcxx_lr.a : ll_common.o (.text)
                  00011996    00000002     RFCC26XX_singleMode.obj (.text:defaultErrCb$8)
                  00011998    00000090     driverlib.lib : crypto.obj (.text:NOROM_CRYPTOAesLoadKey)
                  00011a28    00000090                   : setup.obj (.text:TrimAfterColdResetWakeupFromShutDown$31)
                  00011ab8    00000090     cc2640_ll_pcxx_lr.a : ll_common.o (.text)
                  00011b48    00000090     cc26xx_hci_tl_none.a : hci_tl.o (.text)
                  00011bd8    00000090     ble5_multi_role_cc2640r2lp_stack_library.lib : osal_cbtimer.obj (.text:osal_CbTimerProcessEvent)
                  00011c68    0000008c     drivers_cc26x0r2.aem3 : UARTCC26XX.oem3 (.text:UARTCC26XX_close)
                  00011cf4    0000008c                           : UARTCC26XX.oem3 (.text:UARTCC26XX_writeCancel)
                  00011d80    0000008c     cc2640_ll_pcxx_lr.a : ll_enc.o (.text)
                  00011e0c    0000008c                         : ll_scan_end_causes.o (.text)
                  00011e98    0000008c     cc26xx_sm_pcxx.a : sm_intpairing.o (.text)
                  00011f24    0000008c     drivers_cc26x0r2.aem3 : PowerCC26XX.oem3 (.text:disableLFClockQualifiers)
                  00011fb0    00000088     cc2640_hci_pcxx_lr.a : hci_event.o (.text)
                  00012038    00000088     cc2640_ll_pcxx_lr.a : ll_common.o (.text)
                  000120c0    00000088                         : ll_common.o (.text)
                  00012148    00000088                         : ll_isr.o (.text)
                  000121d0    00000088     cc26xx_gatt_pcxx.a : gatt_client.o (.text)
                  00012258    00000088     cc26xx_profiles_pcxx.a : gapgattserver.o (.text)
                  000122e0    00000088     gattservapp_util.obj (.text:gattServApp_SendNotiInd$17)
                  00012368    00000084     icall.obj (.text:ICall_heapMalloc)
                  000123ec    00000084     cc2640_ll_pcxx_lr.a : ll.o (.text)
                  00012470    00000084     cc26xx_gatt_pcxx.a : gatt_client.o (.text)
                  000124f4    00000084     drivers_cc26x0r2.aem3 : PowerCC26XX.oem3 (.text:switchXOSCHFclockFunc)
                  00012578    00000084     ble5_multi_role_cc2640r2lp_stack_library.lib : osal_snv_wrapper.obj (.text:writeWord$41)
                  000125fc    00000084     multi_role.obj (.text:write_to_server$3)
                  00012680    00000082     cc2640_ll_pcxx_lr.a : ll.o (.text)
                  00012702    00000002     drivers_cc26x0r2.aem3 : PowerCC26XX.oem3 (.text:emptyClockFunc)
                  00012704    00000080     RFCC26XX_singleMode.obj (.text:RF_pendCmd)
                  00012784    00000080     cc2640_ll_pcxx_lr.a : ll.o (.text)
                  00012804    00000080                         : ll_common.o (.text)
                  00012884    00000080     cc26xx_gatt_pcxx.a : gatt_client.o (.text)
                  00012904    0000007c     cc2640_ll_pcxx_lr.a : ll.o (.text)
                  00012980    0000007c                         : ll_common.o (.text)
                  000129fc    0000007c                         : ll_init_end_causes.o (.text)
                  00012a78    0000007c     cc26xx_gap_pcxx.a : gap_linkmgr.o (.text)
                  00012af4    0000007c     cc26xx_gatt_pcxx.a : gatt_client.o (.text)
                  00012b70    0000007c     ble5_multi_role_cc2640r2lp_stack_library.lib : osal.obj (.text:osal_event_send$36)
                  00012bec    0000007c     RFCC26XX_singleMode.obj (.text:swiFxnHw$8)
                  00012c68    0000007a     drivers_cc26x0r2.aem3 : CryptoCC26XX.oem3 (.text:CryptoCC26XX_allocateKey)
                  00012ce2    0000007a     rtsv7M3_T_le_eabi.lib : memset_t2.obj (.text)
                  00012d5c    00000078     ble5_multi_role_cc2640r2lp_stack_library.lib : gapbondmgr.obj (.text:GAPBondMgr_SlaveReqSecurity)
                  00012dd4    00000078     cc2640_ll_pcxx_lr.a : ll_common.o (.text)
                  00012e4c    00000078                         : ll_enc.o (.text)
                  00012ec4    00000078                         : ll_scheduler.o (.text)
                  00012f3c    00000078     cc26xx_profiles_pcxx.a : gattservapp.o (.text)
                  00012fb4    00000078     multi_role.obj (.text:enable_notifs$3)
                  0001302c    00000078     multi_role.obj (.text:enter_state$3)
                  000130a4    00000078     drivers_cc26x0r2.aem3 : UARTCC26XX.oem3 (.text:writeTxFifoFlush)
                  0001311c    00000076     cc2640_ll_pcxx_lr.a : ll_common.o (.text)
                  00013192    00000076                         : ll_common.o (.text)
                  00013208    00000074                         : ll_common.o (.text)
                  0001327c    00000074                         : ll_common.o (.text)
                  000132f0    00000074     cc26xx_gap_pcxx.a : gap_centdevmgr.o (.text)
                  00013364    00000074     multi_role.obj (.text:multi_role_freeAttRsp$3)
                  000133d8    00000074     rom_sysbios.aem3 : rom_sysbios.obj (.text:ti_sysbios_family_arm_cc26xx_Timer_start__E)
                  0001344c    00000070     ble5_multi_role_cc2640r2lp_stack_library.lib : ble_dispatch_lite.obj (.text:ble_dispatch_liteProcess)
                  000134bc    00000070     cc26xx_sm_pcxx.a : sm_intpairing.o (.text)
                  0001352c    0000006d     rom_sysbios.aem3 : rom_sysbios.obj (.text:xdc_runtime_System_formatNum__I)
                  00013599    00000001     --HOLE-- [fill = 0]
                  0001359a    00000002     hal_assert.obj (.text:halAssertHandler)
                  0001359c    0000006c     icall.obj (.text:ICall_createRemoteTasks)
                  00013608    0000006c     icall.obj (.text:ICall_send)
                  00013674    0000006c     driverlib.lib : osc.obj (.text:NOROM_OSCHF_AttemptToSwitchToXosc)
                  000136e0    0000006c     drivers_cc26x0r2.aem3 : PowerCC26XX.oem3 (.text:PowerCC26XX_calibrate)
                  0001374c    0000006c                           : PowerCC26XX_calibrateRCOSC.oem3 (.text:PowerCC26XX_initiateCalibration)
                  000137b8    0000006c     cc2640_ll_pcxx_lr.a : ble.o (.text)
                  00013824    0000006c                         : ll.o (.text)
                  00013890    0000006c                         : ll_common.o (.text)
                  000138fc    0000006c     cc26xx_gap_pcxx.a : gap_centdevmgr.o (.text)
                  00013968    0000006c     cc26xx_gatt_pcxx.a : gatt_client.o (.text)
                  000139d4    0000006c                        : gatt_client.o (.text)
                  00013a40    0000006c                        : gatt_client.o (.text)
                  00013aac    0000006c     cc26xx_sm_pcxx.a : sm_intpairing.o (.text)
                  00013b18    0000006c     simple_gatt_profile.obj (.text:simpleProfile_ReadAttrCB$19)
                  00013b84    00000068     driverlib.lib : sys_ctrl.obj (.text:NOROM_SysCtrl_DCDC_VoltageConditionalControl)
                  00013bec    00000068     drivers_cc26x0r2.aem3 : UARTCC26XX.oem3 (.text:UARTCC26XX_readCancel)
                  00013c54    00000068     cc2640_ll_pcxx_lr.a : ll.o (.text)
                  00013cbc    00000068                         : ll.o (.text)
                  00013d24    00000068                         : ll.o (.text)
                  00013d8c    00000068                         : ll_common.o (.text)
                  00013df4    00000068                         : ll_privacy.o (.text)
                  00013e5c    00000068                         : ll_privacy.o (.text)
                  00013ec4    00000068     drivers_cc26x0r2.aem3 : PowerCC26XX.oem3 (.text:configureXOSCHF)
                  00013f2c    00000068     RFCC26XX_singleMode.obj (.text:decActiveClientCnt$8)
                  00013f94    00000068     rtsv7M3_T_le_eabi.lib : copy_decompress_lzss.obj (.text:decompress:lzss)
                  00013ffc    00000068     multi_role.obj (.text:mr_doConnUpdate)
                  00014064    00000068     ble5_multi_role_cc2640r2lp_stack_library.lib : osal_cbtimer.obj (.text:osal_CbTimerUpdate)
                  000140cc    00000068     multi_role.obj (.text:save_scan_device_info$3)
                  00014134    00000066     cc2640_ll_pcxx_lr.a : ll_common.o (.text)
                  0001419a    00000066                         : ll_common.o (.text)
                  00014200    00000066                         : ll_common.o (.text)
                  00014266    00000066                         : ll_privacy.o (.text)
                  000142cc    00000064     ble5_multi_role_cc2640r2lp_stack_library.lib : gap.obj (.text:GAP_DeviceInit)
                  00014330    00000064     icall.obj (.text:ICall_sendServiceComplete)
                  00014394    00000064     cc26xx_profiles_pcxx.a : gattservapp.o (.text)
                  000143f8    00000064     RFCC26XX_singleMode.obj (.text:fsmXOSCState$8)
                  0001445c    00000062     cc2640_ll_pcxx_lr.a : ll_common.o (.text)
                  000144be    00000062                         : ll_common.o (.text)
                  00014520    00000062                         : ll_privacy.o (.text)
                  00014582    00000062     ble5_multi_role_cc2640r2lp_stack_library.lib : gapbondmgr.obj (.text:gapBondMgrBondReq$44)
                  000145e4    00000060     icall.obj (.text:ICall_enrollService)
                  00014644    00000060     RFCC26XX_singleMode.obj (.text:RF_getCurrentTime)
                  000146a4    00000060     cc2640_ll_pcxx_lr.a : ll_common.o (.text)
                  00014704    00000060     cc26xx_sm_pcxx.a : sm_intpairing.o (.text)
                  00014764    0000005e     icall.obj (.text:ICall_fetchMsg)
                  000147c2    0000005e     cc2640_ll_pcxx_lr.a : ll_common.o (.text)
                  00014820    0000005e     cc26xx_gap_pcxx.a : gap_centlinkmgr.o (.text)
                  0001487e    0000005e     cc26xx_gatt_pcxx.a : gatt_client.o (.text)
                  000148dc    0000005c     display.aem3 : Display.oem3 (.text:Display_doOpen)
                  00014938    0000005c     icall.obj (.text:ICall_pwrUpdActivityCounter)
                  00014994    0000005c     drivers_cc26x0r2.aem3 : PowerCC26XX_calibrateRCOSC.oem3 (.text:PowerCC26XX_RCOSC_clockFunc)
                  000149f0    0000005c     cc2640_ll_pcxx_lr.a : ll_common.o (.text)
                  00014a4c    0000005c                         : ll_common.o (.text)
                  00014aa8    0000005c     cc26xx_gatt_pcxx.a : gatt_client.o (.text)
                  00014b04    0000005c     cc26xx_profiles_pcxx.a : gattservapp.o (.text)
                  00014b60    0000005c     app_ble_pem3.oem3 (.text:xdc_runtime_Startup_getState__I)
                  00014bbc    0000005b     rom_sysbios.aem3 : rom_sysbios.obj (.text:xdc_runtime_Text_putLab__E)
                  00014c17    00000001     --HOLE-- [fill = 0]
                  00014c18    00000058     icall.obj (.text:ICall_wait)
                  00014c70    00000058     drivers_cc26x0r2.aem3 : PINCC26XX.oem3 (.text:PIN_remove)
                  00014cc8    00000058                           : UARTCC26XX.oem3 (.text:UARTCC26XX_control)
                  00014d20    00000058     cc2640_ll_pcxx_lr.a : ll_common.o (.text)
                  00014d78    00000058                         : ll_enc.o (.text)
                  00014dd0    00000058     cc26xx_gap_pcxx.a : gap_centdevmgr.o (.text)
                  00014e28    00000058                       : linkdb.o (.text)
                  00014e80    00000058     cc26xx_sm_pcxx.a : sm_intpairing.o (.text)
                  00014ed8    00000058                      : sm_intpairing.o (.text)
                  00014f30    00000058     multi_role.obj (.text:connect$3)
                  00014f88    00000058     ble5_multi_role_cc2640r2lp_stack_library.lib : gapbondmgr.obj (.text:gapBondMgrChangeState$44)
                  00014fe0    00000058                                                  : gapbondmgr.obj (.text:gapBondMgrReadBonds$44)
                  00015038    00000058                                                  : osal_cbtimer.obj (.text:osal_CbTimerStop)
                  00015090    00000058     multi_role.obj (.text:stop_advertising$3)
                  000150e8    00000056     cc2640_ll_pcxx_lr.a : ll_common.o (.text)
                  0001513e    00000056     cc26xx_sm_pcxx.a : sm_intpairing.o (.text)
                  00015194    00000054     ble5_multi_role_cc2640r2lp_stack_library.lib : gapbondmgr.obj (.text:GAPBondMgr_LinkTerm)
                  000151e8    00000054     util.obj (.text:Util_constructClock)
                  0001523c    00000054     cc2640_hci_pcxx_lr.a : hci_event.o (.text)
                  00015290    00000054     cc2640_ll_pcxx_lr.a : ll.o (.text)
                  000152e4    00000054                         : ll_common.o (.text)
                  00015338    00000054                         : ll_common.o (.text)
                  0001538c    00000054     cc26xx_gatt_pcxx.a : gatt_client.o (.text)
                  000153e0    00000054     RFCC26XX_singleMode.obj (.text:hwiFxnHw$8)
                  00015434    00000054     RFCC26XX_singleMode.obj (.text:ratChanFree$8)
                  00015488    00000054     rtsv7M3_T_le_eabi.lib : exit.obj (.text)
                  000154dc    00000052     cc2640_ll_pcxx_lr.a : ll.o (.text)
                  0001552e    00000052                         : ll_access_address.o (.text)
                  00015580    00000052                         : ll_common.o (.text)
                  000155d2    00000052                         : ll_common.o (.text)
                  00015624    00000052     ble5_multi_role_cc2640r2lp_stack_library.lib : osal_snv_wrapper.obj (.text:findItem$41)
                  00015676    00000002     hal_assert.obj (.text:halAssertSpinlock)
                  00015678    00000050     ECCROMCC26XX.obj (.text:ECCROMCC26XX_Params_init)
                  000156c8    00000050     icall.obj (.text:ICall_registerApp)
                  00015718    00000050     ble5_multi_role_cc2640r2lp_stack_library.lib : npi.obj (.text:NPI_WriteTransport)
                  00015768    00000050     RFCC26XX_singleMode.obj (.text:RF_getInfo)
                  000157b8    00000050     util.obj (.text:Util_convertBdAddr2Str)
                  00015808    00000050     cc2640_ll_pcxx_lr.a : ll.o (.text)
                  00015858    00000050                         : ll.o (.text)
                  000158a8    00000050                         : ll_common.o (.text)
                  000158f8    00000050                         : ll_common.o (.text)
                  00015948    00000050     cc26xx_profiles_pcxx.a : gattservapp.o (.text)
                  00015998    00000050     ble5_multi_role_cc2640r2lp_stack_library.lib : gapbondmgr.obj (.text:gapBondMgrSetStateFlagFromConnhandle$44)
                  000159e8    00000050     drivers_cc26x0r2.aem3 : UARTCC26XX.oem3 (.text:startTxFifoEmptyClk)
                  00015a38    0000004e     cc2640_ll_pcxx_lr.a : ll.o (.text)
                  00015a86    0000004e                         : ll_common.o (.text)
                  00015ad4    0000004e                         : ll_privacy.o (.text)
                  00015b22    00000002     icall_api_lite.obj (.text:rfErrCb)
                  00015b24    0000004c     icall.obj (.text:ICall_newTask$10)
                  00015b70    0000004c     RFCC26XX_singleMode.obj (.text:RF_wakeupNotifyFxn$8)
                  00015bbc    0000004c     cc26xx_att_pcxx.a : att_client.o (.text)
                  00015c08    0000004c     cc26xx_gap_pcxx.a : gap_centdevmgr.o (.text)
                  00015c54    0000004c                       : gap_centlinkmgr.o (.text)
                  00015ca0    0000004c                       : gap_perilinkmgr.o (.text)
                  00015cec    0000004c     ble5_multi_role_cc2640r2lp_stack_library.lib : gapbondmgr.obj (.text:gapBondMgrUpdateLruBondList$44)
                  00015d38    0000004c                                                  : gapbondmgr.obj (.text:gapBondStateDoGATTDisc$44)
                  00015d84    0000004c     multi_role.obj (.text:multi_role_enqueueMsg$3)
                  00015dd0    0000004c     multi_role.obj (.text:multi_role_startDiscovery$3)
                  00015e1c    0000004c     ble5_multi_role_cc2640r2lp_stack_library.lib : osal_bufmgr.obj (.text:osal_bm_free)
                  00015e68    0000004c     rtsv7M3_T_le_eabi.lib : cpy_tbl.obj (.text)
                  00015eb4    0000004c     RFCC26XX_singleMode.obj (.text:syncCb$8)
                  00015f00    0000004a     cc26xx_sm_pcxx.a : sm_mgr.o (.text)
                  00015f4a    00000002     rtsv7M3_T_le_eabi.lib : i_div0.obj (.text)
                  00015f4c    00000048     ECCROMCC26XX.obj (.text:ECC_initGlobals$7)
                  00015f94    00000048     ble5_multi_role_cc2640r2lp_stack_library.lib : gapbondmgr.obj (.text:GAPBondMgr_ReadGattChar)
                  00015fdc    00000048     drivers_cc26x0r2.aem3 : PINCC26XX.oem3 (.text:PIN_setOutputEnable)
                  00016024    00000048     multi_role.obj (.text:bad_exit$3)
                  0001606c    00000048     multi_role.obj (.text:cancel_connect$3)
                  000160b4    00000048     cc2640_ll_pcxx_lr.a : ble.o (.text)
                  000160fc    00000048                         : ll.o (.text)
                  00016144    00000048                         : ll.o (.text)
                  0001618c    00000048     cc26xx_gap_pcxx.a : gap_centdevmgr.o (.text)
                  000161d4    00000048     cc26xx_gatt_pcxx.a : gatt_client.o (.text)
                  0001621c    00000048     cc26xx_profiles_pcxx.a : gattservapp.o (.text)
                  00016264    00000048     cc26xx_sm_pcxx.a : sm_intpairing.o (.text)
                  000162ac    00000048                      : sm_intpairing.o (.text)
                  000162f4    00000048     ble5_multi_role_cc2640r2lp_stack_library.lib : osal_snv_wrapper.obj (.text:erasePage$41)
                  0001633c    00000048                                                  : osal_timers.obj (.text:osalAddTimer)
                  00016384    00000048     multi_role.obj (.text:tchange_slave_exit_func$3)
                  000163cc    00000046     cc26xx_gatt_pcxx.a : gatt_client.o (.text)
                  00016412    00000002     app_ble_pem3.oem3 (.text:ti_sysbios_BIOS_nullFunc__I)
                  00016414    00000044     driverlib.lib : osc.obj (.text:NOROM_OSCHF_SwitchToRcOscTurnOffXosc)
                  00016458    00000044     drivers_cc26x0r2.aem3 : PINCC26XX.oem3 (.text:PIN_swi)
                  0001649c    00000044                           : RingBuf.oem3 (.text:RingBuf_put)
                  000164e0    00000044     boot.aem3 : boot.oem3 (.text)
                  00016524    00000044     cc2640_ll_pcxx_lr.a : ll.o (.text)
                  00016568    00000044                         : ll_common.o (.text)
                  000165ac    00000044                         : ll_scheduler.o (.text)
                  000165f0    00000044     ble5_multi_role_cc2640r2lp_stack_library.lib : gapbondmgr.obj (.text:gapBondStateStartSecurity$44)
                  00016634    00000044     drivers_cc26x0r2.aem3 : PowerCC26XX.oem3 (.text:notify)
                  00016678    00000044     ble5_multi_role_cc2640r2lp_stack_library.lib : osal_timers.obj (.text:osal_start_timerEx)
                  000166bc    00000044     rom_sysbios.aem3 : rom_sysbios.obj (.text:xdc_runtime_Text_xprintf__I)
                  00016700    00000042     ble5_multi_role_cc2640r2lp_stack_library.lib : gapbondmgr.obj (.text:GAPBondMgr_UpdateCharCfg)
                  00016742    00000042     cc2640_ll_pcxx_lr.a : ble.o (.text)
                  00016784    00000042                         : ll.o (.text)
                  000167c6    00000042                         : ll.o (.text)
                  00016808    00000040     ECCROMCC26XX.obj (.text:ECCROMCC26XX_init)
                  00016848    00000040     multi.obj (.text:GAPRole_EstablishLink)
                  00016888    00000040     RFCC26XX_singleMode.obj (.text:RF_getRssi)
                  000168c8    00000040     dpl_cc26x0r2.aem3 : SemaphoreP_tirtos.oem3 (.text:SemaphoreP_create)
                  00016908    00000040     simple_gatt_profile.obj (.text:SimpleProfile_GetParameter)
                  00016948    00000040     drivers_cc26x0r2.aem3 : UART.oem3 (.text:UART_init)
                  00016988    00000040                           : UART.oem3 (.text:UART_open)
                  000169c8    00000040     cc2640_ll_pcxx_lr.a : ll.o (.text)
                  00016a08    00000040                         : ll.o (.text)
                  00016a48    00000040                         : ll_common.o (.text)
                  00016a88    00000040                         : ll_common.o (.text)
                  00016ac8    00000040                         : ll_common.o (.text)
                  00016b08    00000040                         : ll_isr.o (.text)
                  00016b48    00000040     cc26xx_gap_pcxx.a : gap_centdevmgr.o (.text)
                  00016b88    00000040                       : gap_centdevmgr.o (.text)
                  00016bc8    00000040     cc26xx_profiles_pcxx.a : gattservapp.o (.text)
                  00016c08    00000040     multi_role.obj (.text:global_time_clockHandler$3)
                  00016c48    00000040     multi_role.obj (.text:mr_doDisconnect)
                  00016c88    00000040     multi_role.obj (.text:multi_role_createTask)
                  00016cc8    00000040     rtsv7M3_T_le_eabi.lib : u_divt2.obj (.text)
                  00016d08    0000003e     drivers_cc26x0r2.aem3 : RingBuf.oem3 (.text:RingBuf_get)
                  00016d46    0000003e     cc2640_ll_pcxx_lr.a : ll_common.o (.text)
                  00016d84    0000003e     cc26xx_gatt_pcxx.a : gatt_client.o (.text)
                  00016dc2    00000002     app_ble_pem3.oem3 (.text:ti_sysbios_rom_cortexm_cc26xx_r2_CC26xx_badRomRevision__E)
                  00016dc4    0000003c     multi.obj (.text:GAPRole_createTask)
                  00016e00    0000003c     driverlib.lib : osc.obj (.text:NOROM_OSC_HPOSCRelativeFrequencyOffsetGet)
                  00016e3c    0000003c     drivers_cc26x0r2.aem3 : PowerCC26XX.oem3 (.text:PowerCC26XX_isStableXOSC_HF)
                  00016e78    0000003c                           : PowerCC26XX.oem3 (.text:PowerCC26XX_switchXOSC_HF)
                  00016eb4    0000003c     RFCC26XX_singleMode.obj (.text:RF_runCmd)
                  00016ef0    0000003c     cc2640_ll_pcxx_lr.a : ll_access_address.o (.text)
                  00016f2c    0000003c                         : ll_common.o (.text)
                  00016f68    0000003c                         : ll_common.o (.text)
                  00016fa4    0000003c                         : ll_scheduler.o (.text)
                  00016fe0    0000003c     cc26xx_gap_pcxx.a : gap_centdevmgr.o (.text)
                  0001701c    0000003c                       : gap_centlinkmgr.o (.text)
                  00017058    0000003c     cc26xx_profiles_pcxx.a : gattservapp.o (.text)
                  00017094    0000003c                            : gattservapp.o (.text)
                  000170d0    0000003c                            : gattservapp.o (.text)
                  0001710c    0000003c     cc26xx_sm_pcxx.a : sm_intpairing.o (.text)
                  00017148    0000003c     ble5_multi_role_cc2640r2lp_stack_library.lib : osal_bufmgr.obj (.text:osal_bm_alloc)
                  00017184    0000003c                                                  : osal_timers.obj (.text:osal_start_reload_timer)
                  000171c0    0000003c     RFCC26XX_singleMode.obj (.text:postDirImmCmd$8)
                  000171fc    0000003a     cc2640_ll_pcxx_lr.a : ll_common.o (.text)
                  00017236    0000003a     cc26xx_gatt_pcxx.a : gatt_client.o (.text)
                  00017270    00000038     board_key.obj (.text:Board_keyCallback$1)
                  000172a8    00000038     drivers_cc26x0r2.aem3 : PINCC26XX.oem3 (.text:PIN_setOutputValue)
                  000172e0    00000038                           : UARTCC26XX.oem3 (.text:UARTCC26XX_swiIntFxn)
                  00017318    00000038     cc2640_ll_pcxx_lr.a : ble.o (.text)
                  00017350    00000038                         : ll.o (.text)
                  00017388    00000038                         : ll_common.o (.text)
                  000173c0    00000038                         : ll_common.o (.text)
                  000173f8    00000038                         : ll_common.o (.text)
                  00017430    00000038                         : ll_common.o (.text)
                  00017468    00000038                         : ll_common.o (.text)
                  000174a0    00000038                         : ll_privacy.o (.text)
                  000174d8    00000038                         : ll_scheduler.o (.text)
                  00017510    00000038                         : ll_scheduler.o (.text)
                  00017548    00000038     cc26xx_gap_pcxx.a : gap_centdevmgr.o (.text)
                  00017580    00000038                       : gap_centlinkmgr.o (.text)
                  000175b8    00000038     cc26xx_gatt_pcxx.a : gatt_client.o (.text)
                  000175f0    00000038     cc26xx_l2cap_pcxx.a : l2cap_util.o (.text)
                  00017628    00000038     cc26xx_sm_pcxx.a : sm_mgr.o (.text)
                  00017660    00000038     ble5_multi_role_cc2640r2lp_stack_library.lib : osal_snv_wrapper.obj (.text:disableCache$41)
                  00017698    00000038     RFCC26XX_singleMode.obj (.text:dispatchOpWhen$8)
                  000176d0    00000038     ble5_multi_role_cc2640r2lp_stack_library.lib : osal.obj (.text:osal_alien2proxy)
                  00017708    00000038     two_btn_menu.obj (.text:tbm_goTo)
                  00017740    00000038     rom_sysbios.aem3 : rom_sysbios.obj (.text:ti_sysbios_family_arm_cc26xx_Timer_getCurrentTick__E)
                  00017778    00000038                      : rom_sysbios.obj (.text:ti_sysbios_family_arm_cc26xx_Timer_setThreshold__I)
                  000177b0    00000036     drivers_cc26x0r2.aem3 : CryptoCC26XX.oem3 (.text:CryptoCC26XX_loadKey)
                  000177e6    00000002     rom_sysbios.aem3 : rom_sysbios.obj (.text:xdc_runtime_SysCallback_defaultAbort)
                  000177e8    00000034     gattservapp_util.obj (.text:GATTServApp_InitCharCfg)
                  0001781c    00000034     icall.obj (.text:ICall_searchServiceEntity)
                  00017850    00000034     drivers_cc26x0r2.aem3 : PINCC26XX.oem3 (.text:PIN_setConfig)
                  00017884    00000034                           : PowerCC26XX.oem3 (.text:Power_releaseConstraint)
                  000178b8    00000034     RFCC26XX_singleMode.obj (.text:Q_push$8)
                  000178ec    00000034     util.obj (.text:Util_restartClock)
                  00017920    00000034     cc2640_ll_pcxx_lr.a : ble.o (.text)
                  00017954    00000034                         : ll.o (.text)
                  00017988    00000034                         : ll_common.o (.text)
                  000179bc    00000034                         : ll_scheduler.o (.text)
                  000179f0    00000034     cc26xx_gatt_pcxx.a : gatt_client.o (.text)
                  00017a24    00000034     cc26xx_hci_tl_none.a : hci_tl.o (.text)
                  00017a58    00000034     ble5_multi_role_cc2640r2lp_stack_library.lib : osal.obj (.text:osal_clear_event)
                  00017a8c    00000034                                                  : osal.obj (.text:osal_msec_timer_cback$36)
                  00017ac0    00000034                                                  : osal_timers.obj (.text:osal_stop_timerEx)
                  00017af4    00000034     two_btn_menu.obj (.text:tbm_findActiveItem)
[...]
2000459c  slaveConnHandle                                                           
2000459e  nextHandle                                                                
200045a0  l2capMtuSize                                                              
200045a2  gapAppTaskID                                                              
200045a3  gapAdvAppTaskID                                                           
200045a4  gapUnwantedTaskID                                                         
200045a5  reqTaskId                                                                 
200045a6  gattAppTaskID                                                             
200045a7  appTaskID                                                                 
200045a8  flowCtrlTaskId                                                            
200045a9  SM_appTaskID                                                              
200047cc  wlTable                                                                   
200048a8  wlTableScan                                                               
20004a20  advCmd                                                                    
20004a68  localEccKeys                                                              
20004b1c  l2capFixedChannels                                                        
20004b4c  linkCBs                                                                   
20004b7c  eccParams                                                                 
20004bac  initParam                                                                 
20004bd0  scanParam                                                                 
20004bf4  advParam                                                                  
20004c14  cryptoPRAND                                                               
20004c34  txModemTestCmd                                                            
20004c50  gapParams                                                                 
20004c6c  initCmd                                                                   
20004c84  connReqData                                                               
20004c9c  scanCmd                                                                   
20004cb4  scanOutput                                                                
20004ce4  rxModemTestCmd                                                            
20004cfc  rsp                                                                       
20004d14  fwParDtmCmd                                                               
20004d44  fwParRfCmd                                                                
20004d5c  connOutput                                                                
20004d70  rxTestParam                                                               
20004d84  initDataQueue                                                             
20004d94  scanDataQueue                                                             
20004da4  advDataQueue                                                              
20004db4  advOutput                                                                 
20004dc4  txTestParam                                                               
20004dd4  initOutput                                                                
20004de0  rxTestOut                                                                 
20004df8  cachedTRNGdata                                                            
20004e04  gapCurrentRandomAddr                                                      
20004e0c  slaveUpdateReq                                                            
20004e14  pBleEvtMask                                                               
20004e1c  pHciEvtMask                                                               
20004e24  pHciEvtMask2                                                              
20004e2c  ownPublicAddr                                                             
20004e34  ownRandomAddr                                                             
20004e3c  ownSavedPublicAddr                                                        
20004e44  fwImmedCmd                                                                
20004e4c  attServerNotifyTxCB                                                       
20004e50  rfEvent                                                                   
20004e58  fwParCmd                                                                  
20004e60  verInfo                                                                   
20004e68  llConns                                                                   
20004e70  fwParamImmedCmd                                                           
20004e78  privInfo                                                                  
20004e88  rxDataQ                                                                   
20004e8c  txDataQ                                                                   
20004e90  rxRingBuf                                                                 
20004e94  txTestOut                                                                 
20004e98  pGapDiscReq                                                               
20004e9c  pGapAdvertState                                                           
20004ea0  pEstLink                                                                  
20004ea4  pAuthLink                                                                 
20004ea8  pfnCentralConnCBs                                                         
20004eac  pfnPeripheralConnCBs                                                      
20004eb0  pGapAdvTokens                                                             
20004eb4  pGapAdData                                                                
20004eb8  pGapScanRspData                                                           
20004ebc  pfnPeripheralCBs                                                          
20004ec0  pfnCentralCBs                                                             
20004ec4  pfnBondMgrCBs                                                             
20004ec8  serverInfoTbl                                                             
20004ecc  pServiceList                                                              
20004ed0  pfnServerProcessMsgCB                                                     
20004ed4  pfnClientProcessMsgCB                                                     
20004ed8  prepareWritesTbl                                                          
20004edc  serviceCBsList                                                            
20004ee0  pAttrValue                                                                
20004ee4  l2capChannels                                                             
20004ee8  linkDB                                                                    
20004eec  rfHandle                                                                  
20004ef0  rfDrvTblPtr                                                               
20004ef4  eccDrvTblPtr                                                              
20004ef8  cryptoDrvTblPtr                                                           
20004efc  trngDrvTblPtr                                                             
20004f00  activeConns                                                               
20004f04  SysBootMsg                                                                
20004f08  sclkSrc                                                                   
20004f0c  buildInfo                                                                 
20004f10  advInfo                                                                   
20004f18  initInfo                                                                  
20004f20  taskEndAction                                                             
20004f24  encParams                                                                 
20004f28  encHandle                                                                 
20004f2c  encKey                                                                    
20004f30  pPairingParams                                                            
20004f34  pfnResponderCBs                                                           
20004f38  pfnInitiatorCBs                                                           
20004f3c  gapLimitedAdvertisingTimeout                                              
20004f3e  attrLen                                                                   
20004f40  numHostBufs                                                               
20004f42  rfCmdHandle                                                               
20004f44  connInitialMaxTxOctets                                                    
20004f46  connInitialMaxTxTime                                                      
20004f48  supportedMaxTxOctets                                                      
20004f4a  supportedMaxTxTime                                                        
20004f4c  supportedMaxRxOctets                                                      
20004f4e  supportedMaxRxTime                                                        
20004f50  taskEndStatus                                                             
20004f52  postRfOperations                                                          
20004f54  rfCfgAdiVal                                                               
20004f58  gapProfileRole                                                            
20004f59  gapDeviceAddrMode                                                         
20004f5a  gapState                                                                  
20004f5b  terminateAllTaskID                                                        
20004f5c  terminateReason                                                           
20004f5d  gapTaskID                                                                 
20004f5e  gattNumConns                                                              
20004f5f  gattTaskID                                                                
20004f60  GATTServApp_TaskID                                                        
20004f61  maxNumPrepareWrites                                                       
20004f62  hciPTMenabled                                                             
20004f63  ctrlToHostEnable                                                          
20004f64  l2capFlowCtrlMode                                                         
20004f65  l2capTaskID                                                               
20004f66  l2capNumChannels                                                          
20004f67  l2capNumDataPkts                                                          
20004f68  l2capId                                                                   
20004f69  linkDBNumConns                                                            
20004f6a  linkDB_secureConnectionOnlyMode                                           
20004f6b  maxPduSize                                                                
20004f6c  rfFeModeBias                                                              
20004f6d  maxNumTxDataBufs                                                          
20004f6e  LL_TaskID                                                                 
20004f6f  llState                                                                   
20004f70  rssiCorrection                                                            
20004f71  curTxPowerVal                                                             
20004f72  maxTxPwrForDTM                                                            
20004f73  onePktPerEvt                                                              
20004f74  numComplPkts                                                              
20004f75  numComplPktsLimit                                                         
20004f76  numComplPktsFlush                                                         
20004f77  fastTxRespTime                                                            
20004f78  slOverride                                                                
20004f79  rxFifoFlowCtrl                                                            
20004f7a  numTxDataBufs                                                             
20004f7b  maxNumConns                                                               
20004f7c  smTaskID                                                                  
20004f7d  SM_appExpectingKey                                                        
20004f80  ECC_DATA$$Base                                                            
20004f80  eccRom_param_Gx                                                           
20004f84  eccRom_param_Gy                                                           
20004f88  eccRom_workzone                                                           
20004f8c  eccRom_param_p                                                            
20004f90  eccRom_param_r                                                            
20004f94  eccRom_param_a                                                            
20004f98  eccRom_param_b                                                            
20004f9c  eccRom_windowSize                                                         
20004fa0  aux64                                                                     
20004fa8  MOD                                                                       
20004fac  LEN                                                                       
20004fb0  inScalar                                                                  
20004fb4  inPointX                                                                  
20004fb8  inPointY                                                                  
20004fbc  outPointX                                                                 
20004fc0  outPointY                                                                 
20004fc4  SCAL                                                                      
20004fc8  EXPX                                                                      
20004fcc  EXPY                                                                      
20004fd0  EXPZ                                                                      
20004fd4  EXPW                                                                      
20004fd8  ACCX                                                                      
20004fdc  ACCY                                                                      
20004fe0  ACCZ                                                                      
20004fe4  TMP1                                                                      
20004fe8  TMP2                                                                      
20004fec  TMP3                                                                      
20004ff0  TMP4                                                                      
20004ff4  TMP5                                                                      
20004ff8  TMP6                                                                      
20004ffc  MSBMOD                                                                    
20005000  ECC_DATA$$Limit                                                           
e000e000  ti_sysbios_family_arm_m3_Hwi_nvic                                         
ffffffff  __TI_pprof_out_hndl                                                       
ffffffff  __TI_prof_data_size                                                       
ffffffff  __TI_prof_data_start                                                      
ffffffff  __binit__                                                                 
ffffffff  __c_args__                                                                
ffffffff  binit                                                                     
UNDEFED   HwiP_restore                                                              
UNDEFED   ICall_getTicks                                                            
UNDEFED   SHT$$INIT_ARRAY$$Base                                                     
UNDEFED   SHT$$INIT_ARRAY$$Limit                                                    
UNDEFED   ti_sysbios_BIOS_RtsGateProxy_Handle__label__S__mangled__                  
UNDEFED   ti_sysbios_BIOS_RtsGateProxy_Params__init__S__mangled__                   
UNDEFED   ti_sysbios_BIOS_RtsGateProxy_query__E__mangled__                          
UNDEFED   ti_sysbios_hal_Hwi_HwiProxy_Module__startupDone__S__mangled__             
UNDEFED   ti_sysbios_hal_Hwi_HwiProxy_Params__init__S__mangled__                    
UNDEFED   ti_sysbios_hal_Hwi_HwiProxy_disableInterrupt__E__mangled__                
UNDEFED   ti_sysbios_hal_Hwi_HwiProxy_enableInterrupt__E__mangled__                 
UNDEFED   ti_sysbios_hal_Hwi_HwiProxy_getStackInfo__E__mangled__                    
UNDEFED   ti_sysbios_hal_Hwi_HwiProxy_startup__E__mangled__                         
UNDEFED   ti_sysbios_hal_Hwi_HwiProxy_switchFromBootStack__E__mangled__             
UNDEFED   ti_sysbios_hal_Hwi_disableInterrupt__E                                    
UNDEFED   ti_sysbios_hal_Hwi_enableInterrupt__E                                     
UNDEFED   ti_sysbios_hal_Hwi_getStackInfo__E                                        
UNDEFED   ti_sysbios_hal_Hwi_startup__E                                             
UNDEFED   ti_sysbios_hal_Hwi_switchFromBootStack__E                                 
UNDEFED   ti_sysbios_heaps_HeapMem_Module_GateProxy_Handle__label__S__mangled__     
UNDEFED   ti_sysbios_heaps_HeapMem_Module_GateProxy_Params__init__S__mangled__      
UNDEFED   ti_sysbios_heaps_HeapMem_Module_GateProxy_query__E__mangled__             
UNDEFED   ti_sysbios_knl_Clock_TimerProxy_Module__startupDone__S__mangled__         
UNDEFED   ti_sysbios_knl_Clock_TimerProxy_startup__E__mangled__                     
UNDEFED   ti_sysbios_knl_Task_SupportProxy_Module__startupDone__S__mangled__        
UNDEFED   ti_sysbios_knl_Task_SupportProxy_getStackAlignment__E__mangled__          
UNDEFED   ti_sysbios_knl_Task_SupportProxy_start__E__mangled__                      
UNDEFED   ti_sysbios_knl_Task_SupportProxy_swap__E__mangled__                       
UNDEFED   xdc_runtime_Main_Module_GateProxy_Handle__label__S                        
UNDEFED   xdc_runtime_Main_Module_GateProxy_query__E                                
UNDEFED   xdc_runtime_Memory_HeapProxy_Handle__label__S__mangled__                  
UNDEFED   xdc_runtime_System_Module_GateProxy_Handle__label__S__mangled__           
UNDEFED   xdc_runtime_System_Module_GateProxy_query__E__mangled__                   
UNDEFED   xdc_runtime_System_SupportProxy_abort__E                                  
UNDEFED   xdc_runtime_System_SupportProxy_exit__E                                   
UNDEFED   xdc_runtime_Timestamp_SupportProxy_get64__E__mangled__                    
UNDEFED   xdc_runtime_Timestamp_SupportProxy_getFreq__E__mangled__                  
UNDEFED   xdc_runtime_Timestamp_get32__E                                            
UNDEFED   xdc_runtime_Timestamp_get64__E                                            
UNDEFED   xdc_runtime_Timestamp_getFreq__E                                          

[2337 symbols]
