******************************************************************************
                  TI ARM Linker PC v16.9.1                     
******************************************************************************
>> Linked Sun Jun 04 09:49:21 2017

OUTPUT FILE NAME:   <ble5_multi_role_cc2640r2lp_app.out>
ENTRY POINT SYMBOL: "ResetISR"  address: 00015a3d


MEMORY CONFIGURATION

         name            origin    length      used     unused   attr    fill
----------------------  --------  ---------  --------  --------  ----  --------
  FLASH                 00000000   0001f000  0001ce88  00002178  R  X
  FLASH_LAST_PAGE       0001f000   00001000  00000058  00000fa8  R  X
  SRAM                  20000000   00004400  000031a0  00001260  RW X


SEGMENT ALLOCATION MAP

run origin  load origin   length   init length attrs members
----------  ----------- ---------- ----------- ----- -------
00000000    00000000    0001ae94   0001ae94    r-x
  00000000    00000000    0000003c   0000003c    r-- .resetVecs
  0000003c    0000003c    00000fc4   00000fc4    r-x .text.1
  00001000    00001000    00000028   00000028    r-- .const:ti_sysbios_heaps_HeapMem_Module__FXNS__C
  00001028    00001028    00000024   00000024    r-- .const:ti_sysbios_gates_GateHwi_Module__FXNS__C
  0000104c    0000104c    00000024   00000024    r-- .const:ti_sysbios_gates_GateMutex_Module__FXNS__C
  00001070    00001070    00000020   00000020    r-- .const:ti_sysbios_family_arm_m3_Hwi_Object__DESC__C
  00001090    00001090    00000020   00000020    r-- .const:ti_sysbios_gates_GateHwi_Object__DESC__C
  000010b0    000010b0    00000020   00000020    r-- .const:ti_sysbios_gates_GateMutex_Object__DESC__C
  000010d0    000010d0    00000020   00000020    r-- .const:ti_sysbios_hal_Hwi_Object__DESC__C
  000010f0    000010f0    00000020   00000020    r-- .const:ti_sysbios_heaps_HeapMem_Object__DESC__C
  00001110    00001110    00000020   00000020    r-- .const:ti_sysbios_knl_Clock_Object__DESC__C
  00001130    00001130    00000020   00000020    r-- .const:ti_sysbios_knl_Event_Object__DESC__C
  00001150    00001150    00000020   00000020    r-- .const:ti_sysbios_knl_Mailbox_Object__DESC__C
  00001170    00001170    00000020   00000020    r-- .const:ti_sysbios_knl_Queue_Object__DESC__C
  00001190    00001190    00000020   00000020    r-- .const:ti_sysbios_knl_Semaphore_Object__DESC__C
  000011b0    000011b0    00000020   00000020    r-- .const:ti_sysbios_knl_Swi_Object__DESC__C
  000011d0    000011d0    00000020   00000020    r-- .const:ti_sysbios_knl_Task_Object__DESC__C
  000011f0    000011f0    00000008   00000008    r-- .const:ti_sysbios_knl_Idle_funcList__C
  000011f8    000011f8    00000004   00000004    r-- .const:ti_sysbios_family_arm_cc26xx_Timer_startupNeeded__C
  000011fc    000011fc    00000004   00000004    r-- .const:ti_sysbios_family_arm_m3_Hwi_E_alreadyDefined__C
  00001200    00001200    00000004   00000004    r-- .const:ti_sysbios_family_arm_m3_Hwi_E_hwiLimitExceeded__C
  00001204    00001204    00000004   00000004    r-- .const:ti_sysbios_family_arm_m3_Hwi_NUM_INTERRUPTS__C
  00001208    00001208    00000004   00000004    r-- .const:ti_sysbios_family_arm_m3_Hwi_Object__count__C
  0000120c    0000120c    00000004   00000004    r-- .const:ti_sysbios_family_arm_m3_Hwi_Object__table__C
  00001210    00001210    00000004   00000004    r-- .const:ti_sysbios_family_arm_m3_Hwi_ccr__C
  00001214    00001214    00000004   00000004    r-- .const:ti_sysbios_family_arm_m3_Hwi_excHandlerFunc__C
  00001218    00001218    00000004   00000004    r-- .const:ti_sysbios_family_arm_m3_Hwi_nullIsrFunc__C
  0000121c    0000121c    00000004   00000004    r-- .const:ti_sysbios_family_arm_m3_Hwi_numSparseInterrupts__C
  00001220    00001220    00000004   00000004    r-- .const:ti_sysbios_family_arm_m3_Hwi_priGroup__C
  00001224    00001224    00000004   00000004    r-- .const:ti_sysbios_family_arm_m3_TaskSupport_stackAlignment__C
  00001228    00001228    00000004   00000004    r-- .const:ti_sysbios_heaps_HeapMem_E_memory__C
  0000122c    0000122c    00000004   00000004    r-- .const:ti_sysbios_heaps_HeapMem_Module__gateObj__C
  00001230    00001230    00000004   00000004    r-- .const:ti_sysbios_heaps_HeapMem_Object__count__C
  00001234    00001234    00000004   00000004    r-- .const:ti_sysbios_heaps_HeapMem_Object__table__C
  00001238    00001238    00000004   00000004    r-- .const:ti_sysbios_heaps_HeapMem_reqAlign__C
  0000123c    0000123c    00000004   00000004    r-- .const:ti_sysbios_knl_Clock_triggerClock__C
  00001240    00001240    00000004   00000004    r-- .const:ti_sysbios_knl_Mailbox_Object__count__C
  00001244    00001244    00000004   00000004    r-- .const:ti_sysbios_knl_Mailbox_Object__table__C
  00001248    00001248    00000004   00000004    r-- .const:ti_sysbios_knl_Mailbox_maxTypeAlign__C
  0000124c    0000124c    00000004   00000004    r-- .const:ti_sysbios_knl_Queue_Object__count__C
  00001250    00001250    00000004   00000004    r-- .const:ti_sysbios_knl_Queue_Object__table__C
  00001254    00001254    00000004   00000004    r-- .const:ti_sysbios_knl_Semaphore_eventPost__C
  00001258    00001258    00000004   00000004    r-- .const:ti_sysbios_knl_Semaphore_eventSync__C
  0000125c    0000125c    00000004   00000004    r-- .const:ti_sysbios_knl_Swi_Object__count__C
  00001260    00001260    00000004   00000004    r-- .const:ti_sysbios_knl_Swi_Object__table__C
  00001264    00001264    00000004   00000004    r-- .const:ti_sysbios_knl_Swi_numPriorities__C
  00001268    00001268    00000004   00000004    r-- .const:ti_sysbios_knl_Task_Object__count__C
  0000126c    0000126c    00000004   00000004    r-- .const:ti_sysbios_knl_Task_Object__table__C
  00001270    00001270    00000004   00000004    r-- .const:ti_sysbios_knl_Task_allBlockedFunc__C
  00001274    00001274    00000004   00000004    r-- .const:ti_sysbios_knl_Task_defaultStackHeap__C
  00001278    00001278    00000004   00000004    r-- .const:ti_sysbios_knl_Task_defaultStackSize__C
  0000127c    0000127c    00000004   00000004    r-- .const:ti_sysbios_knl_Task_numConstructedTasks__C
  00001280    00001280    00000002   00000002    r-- .const:ti_sysbios_family_arm_cc26xx_Timer_Module__id__C
  00001282    00001282    00000002   00000002    r-- .const:ti_sysbios_family_arm_cc26xx_TimestampProvider_useClockTimer__C
  00001284    00001284    00000002   00000002    r-- .const:ti_sysbios_family_arm_m3_Hwi_Module__id__C
  00001286    00001286    00000002   00000002    r-- .const:ti_sysbios_gates_GateHwi_Module__id__C
  00001288    00001288    00000002   00000002    r-- .const:ti_sysbios_gates_GateMutex_Module__id__C
  0000128a    0000128a    00000002   00000002    r-- .const:ti_sysbios_heaps_HeapMem_Module__id__C
  0000128c    0000128c    00000002   00000002    r-- .const:ti_sysbios_knl_Task_initStackFlag__C
  0000128e    0000128e    00000001   00000001    r-- .const:ti_sysbios_knl_Clock_tickMode__C
  00001290    00001290    00000008   00000008    r-- .const:xdc_runtime_Startup_firstFxns__C
  00001298    00001298    00000008   00000008    r-- .const:xdc_runtime_Startup_lastFxns__C
  000012a0    000012a0    00000004   00000004    r-- .const:xdc_runtime_Assert_E_assertFailed__C
  000012a4    000012a4    00000004   00000004    r-- .const:xdc_runtime_Error_E_memory__C
  000012a8    000012a8    00000004   00000004    r-- .const:xdc_runtime_Error_policyFxn__C
  000012ac    000012ac    00000004   00000004    r-- .const:xdc_runtime_Error_raiseHook__C
  000012b0    000012b0    00000004   00000004    r-- .const:xdc_runtime_IGateProvider_Interface__BASE__C
  000012b4    000012b4    00000004   00000004    r-- .const:xdc_runtime_IHeap_Interface__BASE__C
  000012b8    000012b8    00000004   00000004    r-- .const:xdc_runtime_IModule_Interface__BASE__C
  000012bc    000012bc    00000004   00000004    r-- .const:xdc_runtime_Memory_defaultHeapInstance__C
  000012c0    000012c0    00000004   00000004    r-- .const:xdc_runtime_Startup_execImpl__C
  000012c4    000012c4    00000004   00000004    r-- .const:xdc_runtime_Startup_maxPasses__C
  000012c8    000012c8    00000004   00000004    r-- .const:xdc_runtime_Startup_sfxnRts__C
  000012cc    000012cc    00000004   00000004    r-- .const:xdc_runtime_Startup_sfxnTab__C
  000012d0    000012d0    00000004   00000004    r-- .const:xdc_runtime_Startup_startModsFxn__C
  000012d4    000012d4    00000004   00000004    r-- .const:xdc_runtime_SysCallback_abortFxn__C
  000012d8    000012d8    00000004   00000004    r-- .const:xdc_runtime_SysCallback_exitFxn__C
  000012dc    000012dc    00000004   00000004    r-- .const:xdc_runtime_System_abortFxn__C
  000012e0    000012e0    00000004   00000004    r-- .const:xdc_runtime_System_exitFxn__C
  000012e4    000012e4    00000004   00000004    r-- .const:xdc_runtime_System_maxAtexitHandlers__C
  000012e8    000012e8    00000004   00000004    r-- .const:xdc_runtime_Text_charTab__C
  000012ec    000012ec    00000004   00000004    r-- .const:xdc_runtime_Text_nameEmpty__C
  000012f0    000012f0    00000004   00000004    r-- .const:xdc_runtime_Text_nameStatic__C
  000012f4    000012f4    00000004   00000004    r-- .const:xdc_runtime_Text_nameUnknown__C
  000012f8    000012f8    00000002   00000002    r-- .const:xdc_runtime_Error_maxDepth__C
  000012fa    000012fa    00000002   00000002    r-- .const:xdc_runtime_Memory_Module__id__C
  000012fc    000012fc    00000002   00000002    r-- .const:xdc_runtime_Text_charCnt__C
  000012fe    000012fe    00000002   00000002    r-- .const:xdc_runtime_Text_isLoaded__C
  00001300    00001300    00000001   00000001    r-- .const:xdc_runtime_Error_policy__C
  00001304    00001304    00000004   00000004    r-- .const:ti_sysbios_rom_ROM_ti_sysbios_family_arm_cc26xx_Timer_getCount64__E
  00001308    00001308    00000004   00000004    r-- .const:ti_sysbios_rom_ROM_ti_sysbios_family_arm_cc26xx_Timer_getCurrentTick__E
  0000130c    0000130c    00000004   00000004    r-- .const:ti_sysbios_rom_ROM_ti_sysbios_family_arm_cc26xx_Timer_getMaxTicks__E
  00001310    00001310    00000004   00000004    r-- .const:ti_sysbios_rom_ROM_ti_sysbios_family_arm_cc26xx_Timer_initDevice__I
  00001314    00001314    00000004   00000004    r-- .const:ti_sysbios_rom_ROM_ti_sysbios_family_arm_cc26xx_Timer_setNextTick__E
  00001318    00001318    00000004   00000004    r-- .const:ti_sysbios_rom_ROM_ti_sysbios_family_arm_cc26xx_Timer_setThreshold__I
  0000131c    0000131c    00000004   00000004    r-- .const:ti_sysbios_rom_ROM_ti_sysbios_family_arm_cc26xx_Timer_start__E
  00001320    00001320    00000004   00000004    r-- .const:ti_sysbios_rom_ROM_ti_sysbios_family_arm_cc26xx_TimestampProvider_get32__E
  00001324    00001324    00000004   00000004    r-- .const:ti_sysbios_rom_ROM_xdc_runtime_Startup_getState__I
  00001328    00001328    00000004   00000004    r-- .const:ti_sysbios_rom_ROM_xdc_runtime_System_SupportProxy_abort__E
  0000132c    0000132c    00000004   00000004    r-- .const:ti_sysbios_rom_ROM_xdc_runtime_System_SupportProxy_exit__E
  00001330    00001330    000185d8   000185d8    r-x .text.2
  00019908    00019908    00000f16   00000f16    r-- .const
  0001a820    0001a820    000000a2   000000a2    r-- .rodata
  0001a8c8    0001a8c8    000005cc   000005cc    r-- .cinit
0001d000    0001d000    00002000   00002000    r--
  0001d000    0001d000    00002000   00002000    r-- .TI.bound:SNV_FLASH
0001ffa8    0001ffa8    00000058   00000058    r--
  0001ffa8    0001ffa8    00000058   00000058    r-- .ccfg
20000100    20000100    00002cda   00000000    rw-
  20000100    20000100    00000044   00000000    rw- .data:ti_sysbios_knl_Task_Module__state__V
  20000144    20000144    00000034   00000000    rw- .data:ti_sysbios_family_arm_m3_Hwi_Module__state__V
  20000178    20000178    0000002c   00000000    rw- .data:ti_sysbios_knl_Clock_Module__state__V
  200001a4    200001a4    00000024   00000000    rw- .data:ti_sysbios_BIOS_Module__state__V
  200001c8    200001c8    0000001c   00000000    rw- .data:ti_sysbios_knl_Swi_Module__state__V
  200001e4    200001e4    00000008   00000000    rw- .data:ti_sysbios_family_arm_cc26xx_Timer_Module__state__V
  200001ec    200001ec    00000004   00000000    rw- .data:ti_sysbios_family_arm_cc26xx_TimestampProvider_Module__state__V
  200001f0    200001f0    00000008   00000000    rw- .data:xdc_runtime_Startup_Module__state__V
  200001f8    200001f8    00000008   00000000    rw- .data:xdc_runtime_System_Module__state__V
  20000200    20000200    00000004   00000000    rw- .data:xdc_runtime_Memory_Module__state__V
  20000204    20000204    00000002   00000000    rw- .data:xdc_runtime_Error_Module__state__V
  20000208    20000208    0000197c   00000000    rw- .data
  20001b88    20001b88    00001252   00000000    rw- .bss
20004000    20004000    00000400   00000000    rw-
  20004000    20004000    00000400   00000000    rw- .stack


SECTION ALLOCATION MAP

 output                                  attributes/
section   page    origin      length       input sections
--------  ----  ----------  ----------   ----------------
.resetVecs 
*          0    00000000    0000003c     
                  00000000    0000003c     app_ble_pem3.oem3 (.resetVecs)

.text.1    0    0000003c    00000fc4     
                  0000003c    00000f48     cc2640_ll_pcxx.a : ll.o (.text)
                  00000f84    00000008     ble_r2.symbols (.tramp.LL_ENC_GenerateTrueRandNum.1)
                  00000f8c    00000008     ble_r2.symbols (.tramp.LL_PRIV_GenerateRSA.1)
                  00000f94    00000008     ble_r2.symbols (.tramp.LL_ENC_Init.1)
                  00000f9c    00000064     driverlib.lib : sys_ctrl.obj (.text:NOROM_SysCtrlAdjustRechargeAfterPowerDown)

.const:ti_sysbios_heaps_HeapMem_Module__FXNS__C 
*          0    00001000    00000028     
                  00001000    00000028     app_ble_pem3.oem3 (.const:ti_sysbios_heaps_HeapMem_Module__FXNS__C)

.const:ti_sysbios_gates_GateHwi_Module__FXNS__C 
*          0    00001028    00000024     
                  00001028    00000024     app_ble_pem3.oem3 (.const:ti_sysbios_gates_GateHwi_Module__FXNS__C)

.const:ti_sysbios_gates_GateMutex_Module__FXNS__C 
*          0    0000104c    00000024     
                  0000104c    00000024     app_ble_pem3.oem3 (.const:ti_sysbios_gates_GateMutex_Module__FXNS__C)

.const:ti_sysbios_family_arm_m3_Hwi_Object__DESC__C 
*          0    00001070    00000020     
                  00001070    00000020     app_ble_pem3.oem3 (.const:ti_sysbios_family_arm_m3_Hwi_Object__DESC__C)

.const:ti_sysbios_gates_GateHwi_Object__DESC__C 
*          0    00001090    00000020     
                  00001090    00000020     app_ble_pem3.oem3 (.const:ti_sysbios_gates_GateHwi_Object__DESC__C)

.const:ti_sysbios_gates_GateMutex_Object__DESC__C 
*          0    000010b0    00000020     
                  000010b0    00000020     app_ble_pem3.oem3 (.const:ti_sysbios_gates_GateMutex_Object__DESC__C)

.const:ti_sysbios_hal_Hwi_Object__DESC__C 
*          0    000010d0    00000020     
                  000010d0    00000020     app_ble_pem3.oem3 (.const:ti_sysbios_hal_Hwi_Object__DESC__C)

.const:ti_sysbios_heaps_HeapMem_Object__DESC__C 
*          0    000010f0    00000020     
                  000010f0    00000020     app_ble_pem3.oem3 (.const:ti_sysbios_heaps_HeapMem_Object__DESC__C)

.const:ti_sysbios_knl_Clock_Object__DESC__C 
*          0    00001110    00000020     
                  00001110    00000020     app_ble_pem3.oem3 (.const:ti_sysbios_knl_Clock_Object__DESC__C)

.const:ti_sysbios_knl_Event_Object__DESC__C 
*          0    00001130    00000020     
                  00001130    00000020     app_ble_pem3.oem3 (.const:ti_sysbios_knl_Event_Object__DESC__C)

.const:ti_sysbios_knl_Mailbox_Object__DESC__C 
*          0    00001150    00000020     
                  00001150    00000020     app_ble_pem3.oem3 (.const:ti_sysbios_knl_Mailbox_Object__DESC__C)

.const:ti_sysbios_knl_Queue_Object__DESC__C 
*          0    00001170    00000020     
                  00001170    00000020     app_ble_pem3.oem3 (.const:ti_sysbios_knl_Queue_Object__DESC__C)

.const:ti_sysbios_knl_Semaphore_Object__DESC__C 
*          0    00001190    00000020     
                  00001190    00000020     app_ble_pem3.oem3 (.const:ti_sysbios_knl_Semaphore_Object__DESC__C)

.const:ti_sysbios_knl_Swi_Object__DESC__C 
*          0    000011b0    00000020     
                  000011b0    00000020     app_ble_pem3.oem3 (.const:ti_sysbios_knl_Swi_Object__DESC__C)

.const:ti_sysbios_knl_Task_Object__DESC__C 
*          0    000011d0    00000020     
                  000011d0    00000020     app_ble_pem3.oem3 (.const:ti_sysbios_knl_Task_Object__DESC__C)

.const:ti_sysbios_knl_Idle_funcList__C 
*          0    000011f0    00000008     
                  000011f0    00000008     app_ble_pem3.oem3 (.const:ti_sysbios_knl_Idle_funcList__C)

.const:ti_sysbios_family_arm_cc26xx_Timer_startupNeeded__C 
*          0    000011f8    00000004     
                  000011f8    00000004     app_ble_pem3.oem3 (.const:ti_sysbios_family_arm_cc26xx_Timer_startupNeeded__C)

.const:ti_sysbios_family_arm_m3_Hwi_E_alreadyDefined__C 
*          0    000011fc    00000004     
                  000011fc    00000004     app_ble_pem3.oem3 (.const:ti_sysbios_family_arm_m3_Hwi_E_alreadyDefined__C)

.const:ti_sysbios_family_arm_m3_Hwi_E_hwiLimitExceeded__C 
*          0    00001200    00000004     
                  00001200    00000004     app_ble_pem3.oem3 (.const:ti_sysbios_family_arm_m3_Hwi_E_hwiLimitExceeded__C)

.const:ti_sysbios_family_arm_m3_Hwi_NUM_INTERRUPTS__C 
*          0    00001204    00000004     
                  00001204    00000004     app_ble_pem3.oem3 (.const:ti_sysbios_family_arm_m3_Hwi_NUM_INTERRUPTS__C)

.const:ti_sysbios_family_arm_m3_Hwi_Object__count__C 
*          0    00001208    00000004     
                  00001208    00000004     app_ble_pem3.oem3 (.const:ti_sysbios_family_arm_m3_Hwi_Object__count__C)

.const:ti_sysbios_family_arm_m3_Hwi_Object__table__C 
*          0    0000120c    00000004     
                  0000120c    00000004     app_ble_pem3.oem3 (.const:ti_sysbios_family_arm_m3_Hwi_Object__table__C)

.const:ti_sysbios_family_arm_m3_Hwi_ccr__C 
*          0    00001210    00000004     
                  00001210    00000004     app_ble_pem3.oem3 (.const:ti_sysbios_family_arm_m3_Hwi_ccr__C)

.const:ti_sysbios_family_arm_m3_Hwi_excHandlerFunc__C 
*          0    00001214    00000004     
                  00001214    00000004     app_ble_pem3.oem3 (.const:ti_sysbios_family_arm_m3_Hwi_excHandlerFunc__C)

.const:ti_sysbios_family_arm_m3_Hwi_nullIsrFunc__C 
*          0    00001218    00000004     
                  00001218    00000004     app_ble_pem3.oem3 (.const:ti_sysbios_family_arm_m3_Hwi_nullIsrFunc__C)

.const:ti_sysbios_family_arm_m3_Hwi_numSparseInterrupts__C 
*          0    0000121c    00000004     
                  0000121c    00000004     app_ble_pem3.oem3 (.const:ti_sysbios_family_arm_m3_Hwi_numSparseInterrupts__C)

.const:ti_sysbios_family_arm_m3_Hwi_priGroup__C 
*          0    00001220    00000004     
                  00001220    00000004     app_ble_pem3.oem3 (.const:ti_sysbios_family_arm_m3_Hwi_priGroup__C)

.const:ti_sysbios_family_arm_m3_TaskSupport_stackAlignment__C 
*          0    00001224    00000004     
                  00001224    00000004     app_ble_pem3.oem3 (.const:ti_sysbios_family_arm_m3_TaskSupport_stackAlignment__C)

.const:ti_sysbios_heaps_HeapMem_E_memory__C 
*          0    00001228    00000004     
                  00001228    00000004     app_ble_pem3.oem3 (.const:ti_sysbios_heaps_HeapMem_E_memory__C)

.const:ti_sysbios_heaps_HeapMem_Module__gateObj__C 
*          0    0000122c    00000004     
                  0000122c    00000004     app_ble_pem3.oem3 (.const:ti_sysbios_heaps_HeapMem_Module__gateObj__C)

.const:ti_sysbios_heaps_HeapMem_Object__count__C 
*          0    00001230    00000004     
                  00001230    00000004     app_ble_pem3.oem3 (.const:ti_sysbios_heaps_HeapMem_Object__count__C)

.const:ti_sysbios_heaps_HeapMem_Object__table__C 
*          0    00001234    00000004     
                  00001234    00000004     app_ble_pem3.oem3 (.const:ti_sysbios_heaps_HeapMem_Object__table__C)

.const:ti_sysbios_heaps_HeapMem_reqAlign__C 
*          0    00001238    00000004     
                  00001238    00000004     app_ble_pem3.oem3 (.const:ti_sysbios_heaps_HeapMem_reqAlign__C)

.const:ti_sysbios_knl_Clock_triggerClock__C 
*          0    0000123c    00000004     
                  0000123c    00000004     app_ble_pem3.oem3 (.const:ti_sysbios_knl_Clock_triggerClock__C)

.const:ti_sysbios_knl_Mailbox_Object__count__C 
*          0    00001240    00000004     
                  00001240    00000004     app_ble_pem3.oem3 (.const:ti_sysbios_knl_Mailbox_Object__count__C)

.const:ti_sysbios_knl_Mailbox_Object__table__C 
*          0    00001244    00000004     
                  00001244    00000004     app_ble_pem3.oem3 (.const:ti_sysbios_knl_Mailbox_Object__table__C)

.const:ti_sysbios_knl_Mailbox_maxTypeAlign__C 
*          0    00001248    00000004     
                  00001248    00000004     app_ble_pem3.oem3 (.const:ti_sysbios_knl_Mailbox_maxTypeAlign__C)

.const:ti_sysbios_knl_Queue_Object__count__C 
*          0    0000124c    00000004     
                  0000124c    00000004     app_ble_pem3.oem3 (.const:ti_sysbios_knl_Queue_Object__count__C)

.const:ti_sysbios_knl_Queue_Object__table__C 
*          0    00001250    00000004     
                  00001250    00000004     app_ble_pem3.oem3 (.const:ti_sysbios_knl_Queue_Object__table__C)

.const:ti_sysbios_knl_Semaphore_eventPost__C 
*          0    00001254    00000004     
                  00001254    00000004     app_ble_pem3.oem3 (.const:ti_sysbios_knl_Semaphore_eventPost__C)

.const:ti_sysbios_knl_Semaphore_eventSync__C 
*          0    00001258    00000004     
                  00001258    00000004     app_ble_pem3.oem3 (.const:ti_sysbios_knl_Semaphore_eventSync__C)

.const:ti_sysbios_knl_Swi_Object__count__C 
*          0    0000125c    00000004     
                  0000125c    00000004     app_ble_pem3.oem3 (.const:ti_sysbios_knl_Swi_Object__count__C)

.const:ti_sysbios_knl_Swi_Object__table__C 
*          0    00001260    00000004     
                  00001260    00000004     app_ble_pem3.oem3 (.const:ti_sysbios_knl_Swi_Object__table__C)

.const:ti_sysbios_knl_Swi_numPriorities__C 
*          0    00001264    00000004     
                  00001264    00000004     app_ble_pem3.oem3 (.const:ti_sysbios_knl_Swi_numPriorities__C)

.const:ti_sysbios_knl_Task_Object__count__C 
*          0    00001268    00000004     
                  00001268    00000004     app_ble_pem3.oem3 (.const:ti_sysbios_knl_Task_Object__count__C)

.const:ti_sysbios_knl_Task_Object__table__C 
*          0    0000126c    00000004     
                  0000126c    00000004     app_ble_pem3.oem3 (.const:ti_sysbios_knl_Task_Object__table__C)

.const:ti_sysbios_knl_Task_allBlockedFunc__C 
*          0    00001270    00000004     
                  00001270    00000004     app_ble_pem3.oem3 (.const:ti_sysbios_knl_Task_allBlockedFunc__C)

.const:ti_sysbios_knl_Task_defaultStackHeap__C 
*          0    00001274    00000004     
                  00001274    00000004     app_ble_pem3.oem3 (.const:ti_sysbios_knl_Task_defaultStackHeap__C)

.const:ti_sysbios_knl_Task_defaultStackSize__C 
*          0    00001278    00000004     
                  00001278    00000004     app_ble_pem3.oem3 (.const:ti_sysbios_knl_Task_defaultStackSize__C)

.const:ti_sysbios_knl_Task_numConstructedTasks__C 
*          0    0000127c    00000004     
                  0000127c    00000004     app_ble_pem3.oem3 (.const:ti_sysbios_knl_Task_numConstructedTasks__C)

.const:ti_sysbios_family_arm_cc26xx_Timer_Module__id__C 
*          0    00001280    00000002     
                  00001280    00000002     app_ble_pem3.oem3 (.const:ti_sysbios_family_arm_cc26xx_Timer_Module__id__C)

.const:ti_sysbios_family_arm_cc26xx_TimestampProvider_useClockTimer__C 
*          0    00001282    00000002     
                  00001282    00000002     app_ble_pem3.oem3 (.const:ti_sysbios_family_arm_cc26xx_TimestampProvider_useClockTimer__C)

.const:ti_sysbios_family_arm_m3_Hwi_Module__id__C 
*          0    00001284    00000002     
                  00001284    00000002     app_ble_pem3.oem3 (.const:ti_sysbios_family_arm_m3_Hwi_Module__id__C)

.const:ti_sysbios_gates_GateHwi_Module__id__C 
*          0    00001286    00000002     
                  00001286    00000002     app_ble_pem3.oem3 (.const:ti_sysbios_gates_GateHwi_Module__id__C)

.const:ti_sysbios_gates_GateMutex_Module__id__C 
*          0    00001288    00000002     
                  00001288    00000002     app_ble_pem3.oem3 (.const:ti_sysbios_gates_GateMutex_Module__id__C)

.const:ti_sysbios_heaps_HeapMem_Module__id__C 
*          0    0000128a    00000002     
                  0000128a    00000002     app_ble_pem3.oem3 (.const:ti_sysbios_heaps_HeapMem_Module__id__C)

.const:ti_sysbios_knl_Task_initStackFlag__C 
*          0    0000128c    00000002     
                  0000128c    00000002     app_ble_pem3.oem3 (.const:ti_sysbios_knl_Task_initStackFlag__C)

.const:ti_sysbios_knl_Clock_tickMode__C 
*          0    0000128e    00000001     
                  0000128e    00000001     app_ble_pem3.oem3 (.const:ti_sysbios_knl_Clock_tickMode__C)

.const:xdc_runtime_Startup_firstFxns__C 
*          0    00001290    00000008     
                  00001290    00000008     app_ble_pem3.oem3 (.const:xdc_runtime_Startup_firstFxns__C)

.const:xdc_runtime_Startup_lastFxns__C 
*          0    00001298    00000008     
                  00001298    00000008     app_ble_pem3.oem3 (.const:xdc_runtime_Startup_lastFxns__C)

.const:xdc_runtime_Assert_E_assertFailed__C 
*          0    000012a0    00000004     
                  000012a0    00000004     app_ble_pem3.oem3 (.const:xdc_runtime_Assert_E_assertFailed__C)

.const:xdc_runtime_Error_E_memory__C 
*          0    000012a4    00000004     
                  000012a4    00000004     app_ble_pem3.oem3 (.const:xdc_runtime_Error_E_memory__C)

.const:xdc_runtime_Error_policyFxn__C 
*          0    000012a8    00000004     
                  000012a8    00000004     app_ble_pem3.oem3 (.const:xdc_runtime_Error_policyFxn__C)

.const:xdc_runtime_Error_raiseHook__C 
*          0    000012ac    00000004     
                  000012ac    00000004     app_ble_pem3.oem3 (.const:xdc_runtime_Error_raiseHook__C)

.const:xdc_runtime_IGateProvider_Interface__BASE__C 
*          0    000012b0    00000004     
                  000012b0    00000004     app_ble_pem3.oem3 (.const:xdc_runtime_IGateProvider_Interface__BASE__C)

.const:xdc_runtime_IHeap_Interface__BASE__C 
*          0    000012b4    00000004     
                  000012b4    00000004     app_ble_pem3.oem3 (.const:xdc_runtime_IHeap_Interface__BASE__C)

.const:xdc_runtime_IModule_Interface__BASE__C 
*          0    000012b8    00000004     
                  000012b8    00000004     app_ble_pem3.oem3 (.const:xdc_runtime_IModule_Interface__BASE__C)

.const:xdc_runtime_Memory_defaultHeapInstance__C 
*          0    000012bc    00000004     
                  000012bc    00000004     app_ble_pem3.oem3 (.const:xdc_runtime_Memory_defaultHeapInstance__C)

.const:xdc_runtime_Startup_execImpl__C 
*          0    000012c0    00000004     
                  000012c0    00000004     app_ble_pem3.oem3 (.const:xdc_runtime_Startup_execImpl__C)

.const:xdc_runtime_Startup_maxPasses__C 
*          0    000012c4    00000004     
                  000012c4    00000004     app_ble_pem3.oem3 (.const:xdc_runtime_Startup_maxPasses__C)

.const:xdc_runtime_Startup_sfxnRts__C 
*          0    000012c8    00000004     
                  000012c8    00000004     app_ble_pem3.oem3 (.const:xdc_runtime_Startup_sfxnRts__C)

.const:xdc_runtime_Startup_sfxnTab__C 
*          0    000012cc    00000004     
                  000012cc    00000004     app_ble_pem3.oem3 (.const:xdc_runtime_Startup_sfxnTab__C)

.const:xdc_runtime_Startup_startModsFxn__C 
*          0    000012d0    00000004     
                  000012d0    00000004     app_ble_pem3.oem3 (.const:xdc_runtime_Startup_startModsFxn__C)

.const:xdc_runtime_SysCallback_abortFxn__C 
*          0    000012d4    00000004     
                  000012d4    00000004     app_ble_pem3.oem3 (.const:xdc_runtime_SysCallback_abortFxn__C)

.const:xdc_runtime_SysCallback_exitFxn__C 
*          0    000012d8    00000004     
                  000012d8    00000004     app_ble_pem3.oem3 (.const:xdc_runtime_SysCallback_exitFxn__C)

.const:xdc_runtime_System_abortFxn__C 
*          0    000012dc    00000004     
                  000012dc    00000004     app_ble_pem3.oem3 (.const:xdc_runtime_System_abortFxn__C)

.const:xdc_runtime_System_exitFxn__C 
*          0    000012e0    00000004     
                  000012e0    00000004     app_ble_pem3.oem3 (.const:xdc_runtime_System_exitFxn__C)

.const:xdc_runtime_System_maxAtexitHandlers__C 
*          0    000012e4    00000004     
                  000012e4    00000004     app_ble_pem3.oem3 (.const:xdc_runtime_System_maxAtexitHandlers__C)

.const:xdc_runtime_Text_charTab__C 
*          0    000012e8    00000004     
                  000012e8    00000004     app_ble_pem3.oem3 (.const:xdc_runtime_Text_charTab__C)

.const:xdc_runtime_Text_nameEmpty__C 
*          0    000012ec    00000004     
                  000012ec    00000004     app_ble_pem3.oem3 (.const:xdc_runtime_Text_nameEmpty__C)

.const:xdc_runtime_Text_nameStatic__C 
*          0    000012f0    00000004     
                  000012f0    00000004     app_ble_pem3.oem3 (.const:xdc_runtime_Text_nameStatic__C)

.const:xdc_runtime_Text_nameUnknown__C 
*          0    000012f4    00000004     
                  000012f4    00000004     app_ble_pem3.oem3 (.const:xdc_runtime_Text_nameUnknown__C)

.const:xdc_runtime_Error_maxDepth__C 
*          0    000012f8    00000002     
                  000012f8    00000002     app_ble_pem3.oem3 (.const:xdc_runtime_Error_maxDepth__C)

.const:xdc_runtime_Memory_Module__id__C 
*          0    000012fa    00000002     
                  000012fa    00000002     app_ble_pem3.oem3 (.const:xdc_runtime_Memory_Module__id__C)

.const:xdc_runtime_Text_charCnt__C 
*          0    000012fc    00000002     
                  000012fc    00000002     app_ble_pem3.oem3 (.const:xdc_runtime_Text_charCnt__C)

.const:xdc_runtime_Text_isLoaded__C 
*          0    000012fe    00000002     
                  000012fe    00000002     app_ble_pem3.oem3 (.const:xdc_runtime_Text_isLoaded__C)

.const:xdc_runtime_Error_policy__C 
*          0    00001300    00000001     
                  00001300    00000001     app_ble_pem3.oem3 (.const:xdc_runtime_Error_policy__C)

.const:ti_sysbios_rom_ROM_ti_sysbios_family_arm_cc26xx_Timer_getCount64__E 
*          0    00001304    00000004     
                  00001304    00000004     app_ble_pem3.oem3 (.const:ti_sysbios_rom_ROM_ti_sysbios_family_arm_cc26xx_Timer_getCount64__E)

.const:ti_sysbios_rom_ROM_ti_sysbios_family_arm_cc26xx_Timer_getCurrentTick__E 
*          0    00001308    00000004     
                  00001308    00000004     app_ble_pem3.oem3 (.const:ti_sysbios_rom_ROM_ti_sysbios_family_arm_cc26xx_Timer_getCurrentTick__E)

.const:ti_sysbios_rom_ROM_ti_sysbios_family_arm_cc26xx_Timer_getMaxTicks__E 
*          0    0000130c    00000004     
                  0000130c    00000004     app_ble_pem3.oem3 (.const:ti_sysbios_rom_ROM_ti_sysbios_family_arm_cc26xx_Timer_getMaxTicks__E)

.const:ti_sysbios_rom_ROM_ti_sysbios_family_arm_cc26xx_Timer_initDevice__I 
*          0    00001310    00000004     
                  00001310    00000004     app_ble_pem3.oem3 (.const:ti_sysbios_rom_ROM_ti_sysbios_family_arm_cc26xx_Timer_initDevice__I)

.const:ti_sysbios_rom_ROM_ti_sysbios_family_arm_cc26xx_Timer_setNextTick__E 
*          0    00001314    00000004     
                  00001314    00000004     app_ble_pem3.oem3 (.const:ti_sysbios_rom_ROM_ti_sysbios_family_arm_cc26xx_Timer_setNextTick__E)

.const:ti_sysbios_rom_ROM_ti_sysbios_family_arm_cc26xx_Timer_setThreshold__I 
*          0    00001318    00000004     
                  00001318    00000004     app_ble_pem3.oem3 (.const:ti_sysbios_rom_ROM_ti_sysbios_family_arm_cc26xx_Timer_setThreshold__I)

.const:ti_sysbios_rom_ROM_ti_sysbios_family_arm_cc26xx_Timer_start__E 
*          0    0000131c    00000004     
                  0000131c    00000004     app_ble_pem3.oem3 (.const:ti_sysbios_rom_ROM_ti_sysbios_family_arm_cc26xx_Timer_start__E)

.const:ti_sysbios_rom_ROM_ti_sysbios_family_arm_cc26xx_TimestampProvider_get32__E 
*          0    00001320    00000004     
                  00001320    00000004     app_ble_pem3.oem3 (.const:ti_sysbios_rom_ROM_ti_sysbios_family_arm_cc26xx_TimestampProvider_get32__E)

.const:ti_sysbios_rom_ROM_xdc_runtime_Startup_getState__I 
*          0    00001324    00000004     
                  00001324    00000004     app_ble_pem3.oem3 (.const:ti_sysbios_rom_ROM_xdc_runtime_Startup_getState__I)

.const:ti_sysbios_rom_ROM_xdc_runtime_System_SupportProxy_abort__E 
*          0    00001328    00000004     
                  00001328    00000004     app_ble_pem3.oem3 (.const:ti_sysbios_rom_ROM_xdc_runtime_System_SupportProxy_abort__E)

.const:ti_sysbios_rom_ROM_xdc_runtime_System_SupportProxy_exit__E 
*          0    0000132c    00000004     
                  0000132c    00000004     app_ble_pem3.oem3 (.const:ti_sysbios_rom_ROM_xdc_runtime_System_SupportProxy_exit__E)

.text.2    0    00001330    000185d8     
                  00001330    00000af0     multi_role.obj (.text:multi_role_taskFxn$2)
                  00001e20    00000910     multi_role.obj (.text:multi_role_processStackMsg$2)
                  00002730    000007bc     cc2640_ll_pcxx.a : ble.o (.text)
                  00002eec    000007b8                      : ble.o (.text)
                  000036a4    00000548                      : ll_isr.o (.text)
                  00003bec    00000538                      : ll_adv_end_causes.o (.text)
                  00004124    00000538                      : ll_master_end_causes.o (.text)
                  0000465c    000004dc                      : ll_slave_end_causes.o (.text)
                  00004b38    0000047c                      : ll_scheduler.o (.text)
                  00004fb4    00000458                      : ll.o (.text)
                  0000540c    00000424                      : ll_isr.o (.text)
                  00005830    00000424                      : ll_slave_end_causes.o (.text)
                  00005c54    000003b0                      : ll_init_end_causes.o (.text)
                  00006004    00000350     ble5_multi_role_cc2640r2lp_stack_library.lib : icall_startup.obj (.text:startup_entry)
                  00006354    00000344     RFCC26XX_singleMode.obj (.text:fsmActiveState$7)
                  00006698    0000033c     rom_sysbios.aem3 : rom_sysbios.obj (.text:xdc_runtime_System_doPrint__I)
                  000069d4    00000314     drivers_cc26x0r2.aem3 : PowerCC26XX_calibrateRCOSC.oem3 (.text:PowerCC26XX_auxISR)
                  00006ce8    000002d4     ble5_multi_role_cc2640r2lp_stack_library.lib : gapbondmgr.obj (.text:GAPBondMgr_ProcessGAPMsg)
                  00006fbc    000002c8     cc2640_ll_pcxx.a : ll.o (.text)
                  00007284    000002ac     ble5_multi_role_cc2640r2lp_stack_library.lib : gapbondmgr.obj (.text:GAPBondMgr_SetParameter)
                  00007530    0000028c                                                  : gapbondmgr.obj (.text:GAPBondMgr_ProcessEvent)
                  000077bc    0000024c     cc26xx_profiles_pcxx.a : gapgattserver.o (.text)
                  00007a08    0000024c     drivers_cc26x0r2.aem3 : CryptoCC26XX.oem3 (.text:cryptoTransactionExecute)
                  00007c54    00000224     multi.obj (.text:gapRole_processGAPMsg$17)
                  00007e78    0000021c     drivers_cc26x0r2.aem3 : PowerCC26XX.oem3 (.text:Power_sleep)
                  00008094    00000218     cc2640_ll_pcxx.a : ll_common.o (.text)
                  000082ac    00000218                      : ll_slave_end_causes.o (.text)
                  000084c4    00000210     driverlib.lib : sys_ctrl.obj (.text:NOROM_SysCtrlSetRechargeBeforePowerDown)
                  000086d4    00000204     cc26xx_sm_pcxx.a : sm_pairing.o (.text)
                  000088d8    000001f8     cc2640_ll_pcxx.a : ll_common.o (.text)
                  00008ad0    000001f8     cc26xx_profiles_pcxx.a : gattservapp.o (.text)
                  00008cc8    000001f4     rtsv7M3_T_le_eabi.lib : ull_div_t2.obj (.text)
                  00008ebc    000001f0     cc2640_ll_pcxx.a : ll_common.o (.text)
                  000090ac    000001f0     multi.obj (.text:gapRole_taskFxn$17)
                  0000929c    000001ec     cc2640_ll_pcxx.a : ll_common.o (.text)
                  00009488    000001dc                      : ll_common.o (.text)
                  00009664    000001dc     RFCC26XX_singleMode.obj (.text:fsmSetupState$7)
                  00009840    000001d8     cc2640_ll_pcxx.a : ll_master_end_causes.o (.text)
                  00009a18    000001d0                      : ll.o (.text)
                  00009be8    000001d0     ble5_multi_role_cc2640r2lp_stack_library.lib : gapbondmgr.obj (.text:gapBondMgrAddBond$35)
                  00009db8    000001c8     cc2640_ll_pcxx.a : ll_isr.o (.text)
                  00009f80    000001c0                      : ll.o (.text)
                  0000a140    000001c0     cc26xx_sm_pcxx.a : sm_intpairing.o (.text)
                  0000a300    000001c0     ble5_multi_role_cc2640r2lp_stack_library.lib : osal.obj (.text:osal_start_system)
                  0000a4c0    000001bc     main.obj (.text:AssertHandler)
                  0000a67c    000001b4     drivers_cc26x0r2.aem3 : PINCC26XX.oem3 (.text:PIN_init)
                  0000a830    000001a8     RFCC26XX_singleMode.obj (.text:RF_postCmd)
                  0000a9d8    000001a4     cc2640_ll_pcxx.a : ll.o (.text)
                  0000ab7c    00000198     drivers_cc26x0r2.aem3 : PowerCC26XX_calibrateRCOSC.oem3 (.text:PowerCC26XX_doCalibrate)
                  0000ad14    00000194     ble5_multi_role_cc2640r2lp_stack_library.lib : gapbondmgr.obj (.text:gapBondMgrAuthenticate$35)
                  0000aea8    00000194     icall.obj (.text:icall_directAPI)
                  0000b03c    00000190     ECCROMCC26XX.obj (.text:ECCROMCC26XX_genDHKey)
                  0000b1cc    00000190     drivers_cc26x0r2.aem3 : UARTCC26XX.oem3 (.text:UARTCC26XX_open)
                  0000b35c    00000190     cc2640_ll_pcxx.a : ll_common.o (.text)
                  0000b4ec    00000188     multi.obj (.text:GAPRole_SetParameter)
                  0000b674    00000180     cc2640_ll_pcxx.a : ll_master_end_causes.o (.text)
                  0000b7f4    0000017c     RFCC26XX_singleMode.obj (.text:abortCmd$7)
                  0000b970    00000170     cc26xx_gatt_pcxx.a : gatt_client.o (.text)
                  0000bae0    00000160                        : gatt_client.o (.text)
                  0000bc40    00000150     cc26xx_sm_pcxx.a : sm_intpairing.o (.text)
                  0000bd90    0000014c     cc26xx_gap_pcxx.a : gap_linkmgr.o (.text)
                  0000bedc    00000144     ble5_multi_role_cc2640r2lp_stack_library.lib : gapbondmgr.obj (.text:GAPBondMgr_LinkEst)
                  0000c020    00000144     cc2640_ll_pcxx.a : ll_common.o (.text)
                  0000c164    00000138                      : ll.o (.text)
                  0000c29c    00000134     drivers_cc26x0r2.aem3 : PowerCC26XX.oem3 (.text:Power_init)
                  0000c3d0    00000130     cc2640_ll_pcxx.a : ll.o (.text)
                  0000c500    00000130     ble5_multi_role_cc2640r2lp_stack_library.lib : gapbondmgr.obj (.text:gapBondMgrEraseBonding$35)
                  0000c630    00000130     multi_role.obj (.text:multi_role_processGATTDiscEvent$2)
                  0000c760    00000128     ECCROMCC26XX.obj (.text:ECCROMCC26XX_genKeys)
                  0000c888    00000128     cc2640_ll_pcxx.a : ll_scheduler.o (.text)
                  0000c9b0    00000128     cc26xx_sm_pcxx.a : sm_task.o (.text)
                  0000cad8    00000120     main.obj (.text:main)
                  0000cbf8    00000118     drivers_cc26x0r2.aem3 : UARTCC26XX.oem3 (.text:UARTCC26XX_read)
                  0000cd10    00000118     ble5_multi_role_cc2640r2lp_stack_library.lib : osal_snv_wrapper.obj (.text:osal_snv_write)
                  0000ce28    00000114     cc2640_ll_pcxx.a : ll.o (.text)
                  0000cf3c    00000110     RFCC26XX_singleMode.obj (.text:fsmPowerUpState$7)
                  0000d04c    0000010c     cc2640_ll_pcxx.a : ll_adv_end_causes.o (.text)
                  0000d158    0000010c     RFCC26XX_singleMode.obj (.text:hwiFxnCpe0Active$7)
                  0000d264    0000010a     drivers_cc26x0r2.aem3 : UARTCC26XX.oem3 (.text:UARTCC26XX_hwiIntFxn)
                  0000d36e    00000002     ble_user_config.obj (.text:DefaultAssertCback)
                  0000d370    00000104     cc26xx_gap_pcxx.a : gap_centdevmgr.o (.text)
                  0000d474    00000104     RFCC26XX_singleMode.obj (.text:rf_init$7)
                  0000d578    00000100     cc2640_ll_pcxx.a : ll_scan_end_causes.o (.text)
                  0000d678    000000fc     drivers_cc26x0r2.aem3 : UARTCC26XX.oem3 (.text:UARTCC26XX_write)
                  0000d774    000000fc     cc26xx_gap_pcxx.a : gap_centlinkmgr.o (.text)
                  0000d870    000000fc     two_btn_menu.obj (.text:tbm_displayItemPage)
                  0000d96c    000000f8     drivers_cc26x0r2.aem3 : CryptoCC26XX.oem3 (.text:CryptoCC26XX_open)
                  0000da64    000000f8     cc2640_ll_pcxx.a : ll.o (.text)
                  0000db5c    000000f8                      : ll_common.o (.text)
                  0000dc54    000000f8     RFCC26XX_singleMode.obj (.text:radioOpDoneCb$7)
                  0000dd4c    000000f8     app_ble_pem3.oem3 (.text:xdc_runtime_System_printfExtend__I)
                  0000de44    000000f4     ble5_multi_role_cc2640r2lp_stack_library.lib : osal_snv_wrapper.obj (.text:compactPage$32)
                  0000df38    000000f0     cc2640_ll_pcxx.a : ll.o (.text)
                  0000e028    000000ec     cc26xx_gap_pcxx.a : gap_linkmgr.o (.text)
                  0000e114    000000ec     ble5_multi_role_cc2640r2lp_stack_library.lib : osal_timers.obj (.text:osalTimerUpdate)
                  0000e200    000000e4     cc2640_ll_pcxx.a : ll_common.o (.text)
                  0000e2e4    000000e4     cc26xx_gatt_pcxx.a : gatt_client.o (.text)
                  0000e3c8    000000e4     cc26xx_sm_pcxx.a : sm_intpairing.o (.text)
                  0000e4ac    000000e0     cc2640_hci_pcxx.a : hci_event.o (.text)
                  0000e58c    000000e0     cc2640_ll_pcxx.a : ll.o (.text)
                  0000e66c    000000dc     drivers_cc26x0r2.aem3 : PINCC26XX.oem3 (.text:PINCC26XX_setIoCfg)
                  0000e748    000000d8     cc26xx_gap_pcxx.a : gap_centdevmgr.o (.text)
                  0000e820    000000d4     dpl_cc26x0r2.aem3 : PowerCC26XX_tirtos.oem3 (.text:PowerCC26XX_standbyPolicy)
                  0000e8f4    000000d4     cc2640_ll_pcxx.a : ll_scheduler.o (.text)
                  0000e9c8    000000d4     simple_gatt_profile.obj (.text:simpleProfile_WriteAttrCB$18)
                  0000ea9c    000000d0     cc2640_ll_pcxx.a : ll_scan_end_causes.o (.text)
                  0000eb6c    000000d0     multi_role.obj (.text:mr_doConnect)
                  0000ec3c    000000ce     cc26xx_sm_pcxx.a : sm_pairing.o (.text)
                  0000ed0a    000000c6     cc2640_ll_pcxx.a : ll.o (.text)
                  0000edd0    000000c4     RFCC26XX_singleMode.obj (.text:RF_open)
                  0000ee94    000000c0     simple_gatt_profile.obj (.text:SimpleProfile_SetParameter)
                  0000ef54    000000c0     ble5_multi_role_cc2640r2lp_stack_library.lib : osal.obj (.text:osal_set_event)
                  0000f014    000000bc     drivers_cc26x0r2.aem3 : PowerCC26XX.oem3 (.text:Power_releaseDependency)
                  0000f0d0    000000bc     cc2640_hci_pcxx.a : hci_event.o (.text)
                  0000f18c    000000bc     cc2640_ll_pcxx.a : ll_common.o (.text)
                  0000f248    000000bc     multi_role.obj (.text:mr_doGattRw)
                  0000f304    000000b8     driverlib.lib : setup.obj (.text:NOROM_SetupTrimDevice)
                  0000f3bc    000000b4     drivers_cc26x0r2.aem3 : PowerCC26XX.oem3 (.text:Power_setDependency)
                  0000f470    000000b4     cc2640_ll_pcxx.a : ll.o (.text)
                  0000f524    000000b4                      : ll_adv_end_causes.o (.text)
                  0000f5d8    000000b4                      : ll_common.o (.text)
                  0000f68c    000000b4     multi_role.obj (.text:mr_startAdvertising$2)
                  0000f740    000000b3     display.aem3 : DisplayUart.oem3 (.text:DisplayUartAnsi_open)
                  0000f7f3    00000001     --HOLE-- [fill = 0]
                  0000f7f4    000000b0     TRNGCC26XX.obj (.text:TRNGCC26XX_getNumber)
                  0000f8a4    000000b0     drivers_cc26x0r2.aem3 : UARTCC26XX.oem3 (.text:UARTCC26XX_initHw)
                  0000f954    000000b0     cc2640_hci_pcxx.a : hci_event.o (.text)
                  0000fa04    000000b0     cc26xx_gap_pcxx.a : gap_linkmgr.o (.text)
                  0000fab4    000000b0     devinfoservice.obj (.text:devInfo_ReadAttrCB$14)
                  0000fb64    000000ac     display.aem3 : DisplayUart.oem3 (.text:DisplayUartAnsi_clearLines)
                  0000fc10    000000ac     cc2640_ll_pcxx.a : ll.o (.text)
                  0000fcbc    000000ac                      : ll.o (.text)
                  0000fd68    000000a8                      : ll.o (.text)
                  0000fe10    000000a4     ble5_multi_role_cc2640r2lp_stack_library.lib : gapbondmgr.obj (.text:GAPBondMgr_ResolveAddr)
                  0000feb4    000000a4     cc2640_ll_pcxx.a : ble.o (.text)
                  0000ff58    000000a4     cc26xx_gatt_pcxx.a : gatt_client.o (.text)
                  0000fffc    000000a4     cc26xx_sm_pcxx.a : sm_intpairing.o (.text)
                  000100a0    000000a4     ble5_multi_role_cc2640r2lp_stack_library.lib : osal.obj (.text:osal_msg_enqueue_push$27)
                  00010144    000000a2     cc2640_ll_pcxx.a : ll_common.o (.text)
                  000101e6    000000a2                      : ll_common.o (.text)
                  00010288    000000a0     auto_init.aem3 : auto_init.oem3 (.text)
                  00010328    000000a0     cc2640_hci_pcxx.a : hci_event.o (.text)
                  000103c8    000000a0     ble5_multi_role_cc2640r2lp_stack_library.lib : gapbondmgr.obj (.text:gapBondMgr_gapIdle$35)
                  00010468    000000a0     multi.obj (.text:gapRole_connUpdate)
                  00010508    0000009f     display.aem3 : DisplayUart.oem3 (.text:DisplayUartAnsi_vprintf)
                  000105a7    00000001     --HOLE-- [fill = 0]
                  000105a8    0000009e     ble5_multi_role_cc2640r2lp_stack_library.lib : gapbondmgr.obj (.text:gapBondMgrUpdateCharCfg$35)
                  00010646    00000002     display.aem3 : DisplayUart.oem3 (.text:DisplayUartAnsi_init)
                  00010648    0000009e     rom_sysbios.aem3 : rom_sysbios.obj (.text:xdc_runtime_Text_putSite__E)
                  000106e6    00000002     ble5_multi_role_cc2640r2lp_stack_library.lib : onboard.obj (.text:Onboard_soft_reset)
                  000106e8    0000009c                                                  : osal_cbtimer.obj (.text:cbTimerSetup$29)
                  00010784    0000009c     cc2640_ll_pcxx.a : ll.o (.text)
                  00010820    0000009c     rtsv7M3_T_le_eabi.lib : memcpy_t2.obj (.text)
                  000108bc    00000098     drivers_cc26x0r2.aem3 : PINCC26XX.oem3 (.text:PIN_open)
                  00010954    00000098                           : UARTCC26XX.oem3 (.text:UARTCC26XX_initIO)
                  000109ec    00000098     cc2640_ll_pcxx.a : ll.o (.text)
                  00010a84    00000098                      : ll_scheduler.o (.text)
                  00010b1c    00000098     cc26xx_gap_pcxx.a : gap_centdevmgr.o (.text)
                  00010bb4    00000098     rom_sysbios.aem3 : rom_sysbios.obj (.text:ti_sysbios_knl_Clock_workFuncDynamic__E)
                  00010c4c    00000098                      : rom_sysbios.obj (.text:xdc_runtime_Text_putMod__E)
                  00010ce4    00000094     icall.obj (.text:ICall_setTimer)
                  00010d78    00000094     cc2640_ll_pcxx.a : ll.o (.text)
                  00010e0c    00000094                      : ll_common.o (.text)
                  00010ea0    00000094                      : ll_enc.o (.text)
                  00010f34    00000094     cc26xx_gatt_pcxx.a : gatt_client.o (.text)
                  00010fc8    00000094     cc26xx_sm_pcxx.a : sm_pairing.o (.text)
                  0001105c    00000094     ble5_multi_role_cc2640r2lp_stack_library.lib : osal.obj (.text:osal_msg_receive)
                  000110f0    00000094                                                  : osal_timers.obj (.text:osal_timer_refTimeUpdate)
                  00011184    00000094     drivers_cc26x0r2.aem3 : UARTCC26XX.oem3 (.text:writeFinishedDoCallback)
                  00011218    00000092     cc2640_ll_pcxx.a : ll_common.o (.text)
                  000112aa    00000002     ble5_multi_role_cc2640r2lp_stack_library.lib : sm_ecc.obj (.text:SM_dhKeyCB)
                  000112ac    00000090     driverlib.lib : crypto.obj (.text:NOROM_CRYPTOAesLoadKey)
                  0001133c    00000090                   : setup.obj (.text:TrimAfterColdResetWakeupFromShutDown$23)
                  000113cc    00000090     cc2640_ll_pcxx.a : ll_common.o (.text)
                  0001145c    00000090     cc26xx_hci_tl_none.a : hci_tl.o (.text)
                  000114ec    00000090     ble5_multi_role_cc2640r2lp_stack_library.lib : osal_cbtimer.obj (.text:osal_CbTimerProcessEvent)
                  0001157c    0000008c     drivers_cc26x0r2.aem3 : UARTCC26XX.oem3 (.text:UARTCC26XX_close)
                  00011608    0000008c                           : UARTCC26XX.oem3 (.text:UARTCC26XX_writeCancel)
                  00011694    0000008c     cc2640_ll_pcxx.a : ll_enc.o (.text)
                  00011720    0000008c                      : ll_scan_end_causes.o (.text)
                  000117ac    0000008c     cc26xx_sm_pcxx.a : sm_intpairing.o (.text)
                  00011838    0000008c     drivers_cc26x0r2.aem3 : PowerCC26XX.oem3 (.text:disableLFClockQualifiers)
                  000118c4    00000088     cc2640_hci_pcxx.a : hci_event.o (.text)
                  0001194c    00000088     cc2640_ll_pcxx.a : ll_common.o (.text)
                  000119d4    00000088                      : ll_common.o (.text)
                  00011a5c    00000088                      : ll_isr.o (.text)
                  00011ae4    00000088     cc26xx_gatt_pcxx.a : gatt_client.o (.text)
                  00011b6c    00000088     cc26xx_profiles_pcxx.a : gapgattserver.o (.text)
                  00011bf4    00000088     gattservapp_util.obj (.text:gattServApp_SendNotiInd$16)
                  00011c7c    00000084     icall.obj (.text:ICall_heapMalloc)
                  00011d00    00000084     cc26xx_gatt_pcxx.a : gatt_client.o (.text)
                  00011d84    00000084     drivers_cc26x0r2.aem3 : PowerCC26XX.oem3 (.text:switchXOSCHFclockFunc)
                  00011e08    00000084     ble5_multi_role_cc2640r2lp_stack_library.lib : osal_snv_wrapper.obj (.text:writeWord$32)
                  00011e8c    00000082     cc2640_ll_pcxx.a : ll.o (.text)
                  00011f0e    00000002     ble5_multi_role_cc2640r2lp_stack_library.lib : sm_ecc.obj (.text:SM_p256KeyCB)
                  00011f10    00000080     RFCC26XX_singleMode.obj (.text:RF_pendCmd)
                  00011f90    00000080     cc2640_ll_pcxx.a : ll.o (.text)
                  00012010    00000080                      : ll.o (.text)
                  00012090    00000080     cc26xx_gatt_pcxx.a : gatt_client.o (.text)
                  00012110    00000080     multi_role.obj (.text:mr_doScan)
                  00012190    0000007c     cc2640_ll_pcxx.a : ll.o (.text)
                  0001220c    0000007c                      : ll_common.o (.text)
                  00012288    0000007c                      : ll_init_end_causes.o (.text)
                  00012304    0000007c     cc26xx_gap_pcxx.a : gap_linkmgr.o (.text)
                  00012380    0000007c     cc26xx_gatt_pcxx.a : gatt_client.o (.text)
                  000123fc    0000007c     ble5_multi_role_cc2640r2lp_stack_library.lib : osal.obj (.text:osal_event_send$27)
                  00012478    0000007c     RFCC26XX_singleMode.obj (.text:swiFxnHw$7)
                  000124f4    0000007a     drivers_cc26x0r2.aem3 : CryptoCC26XX.oem3 (.text:CryptoCC26XX_allocateKey)
                  0001256e    0000007a     rtsv7M3_T_le_eabi.lib : memset_t2.obj (.text)
                  000125e8    00000078     ble5_multi_role_cc2640r2lp_stack_library.lib : gapbondmgr.obj (.text:GAPBondMgr_SlaveReqSecurity)
                  00012660    00000078     cc2640_ll_pcxx.a : ll_common.o (.text)
                  000126d8    00000078                      : ll_enc.o (.text)
                  00012750    00000078                      : ll_scheduler.o (.text)
                  000127c8    00000078     cc26xx_profiles_pcxx.a : gattservapp.o (.text)
                  00012840    00000078     drivers_cc26x0r2.aem3 : UARTCC26XX.oem3 (.text:writeTxFifoFlush)
                  000128b8    00000076     cc2640_ll_pcxx.a : ll_common.o (.text)
                  0001292e    00000076                      : ll_common.o (.text)
                  000129a4    00000074                      : ll_common.o (.text)
                  00012a18    00000074                      : ll_common.o (.text)
                  00012a8c    00000074                      : ll_common.o (.text)
                  00012b00    00000074     cc26xx_gap_pcxx.a : gap_centdevmgr.o (.text)
                  00012b74    00000074     multi_role.obj (.text:multi_role_freeAttRsp$2)
                  00012be8    00000074     rom_sysbios.aem3 : rom_sysbios.obj (.text:ti_sysbios_family_arm_cc26xx_Timer_start__E)
                  00012c5c    00000070     ble5_multi_role_cc2640r2lp_stack_library.lib : ble_dispatch_lite.obj (.text:ble_dispatch_liteProcess)
                  00012ccc    00000070     cc26xx_sm_pcxx.a : sm_intpairing.o (.text)
                  00012d3c    0000006d     rom_sysbios.aem3 : rom_sysbios.obj (.text:xdc_runtime_System_formatNum__I)
                  00012da9    00000001     --HOLE-- [fill = 0]
                  00012daa    00000002     RFCC26XX_singleMode.obj (.text:defaultErrCb$7)
                  00012dac    0000006c     icall.obj (.text:ICall_createRemoteTasks)
                  00012e18    0000006c     driverlib.lib : osc.obj (.text:NOROM_OSCHF_AttemptToSwitchToXosc)
                  00012e84    0000006c     drivers_cc26x0r2.aem3 : PowerCC26XX.oem3 (.text:PowerCC26XX_calibrate)
                  00012ef0    0000006c                           : PowerCC26XX_calibrateRCOSC.oem3 (.text:PowerCC26XX_initiateCalibration)
                  00012f5c    0000006c     cc2640_ll_pcxx.a : ble.o (.text)
                  00012fc8    0000006c                      : ll.o (.text)
                  00013034    0000006c                      : ll_common.o (.text)
                  000130a0    0000006c     cc26xx_gap_pcxx.a : gap_centdevmgr.o (.text)
                  0001310c    0000006c     cc26xx_gatt_pcxx.a : gatt_client.o (.text)
                  00013178    0000006c                        : gatt_client.o (.text)
                  000131e4    0000006c                        : gatt_client.o (.text)
                  00013250    0000006c     cc26xx_sm_pcxx.a : sm_intpairing.o (.text)
                  000132bc    00000068     driverlib.lib : sys_ctrl.obj (.text:NOROM_SysCtrl_DCDC_VoltageConditionalControl)
                  00013324    00000068     drivers_cc26x0r2.aem3 : UARTCC26XX.oem3 (.text:UARTCC26XX_readCancel)
                  0001338c    00000068     cc2640_ll_pcxx.a : ll.o (.text)
                  000133f4    00000068                      : ll.o (.text)
                  0001345c    00000068                      : ll.o (.text)
                  000134c4    00000068                      : ll_common.o (.text)
                  0001352c    00000068                      : ll_privacy.o (.text)
                  00013594    00000068                      : ll_privacy.o (.text)
                  000135fc    00000068     drivers_cc26x0r2.aem3 : PowerCC26XX.oem3 (.text:configureXOSCHF)
                  00013664    00000068     RFCC26XX_singleMode.obj (.text:decActiveClientCnt$7)
                  000136cc    00000068     rtsv7M3_T_le_eabi.lib : copy_decompress_lzss.obj (.text:decompress:lzss)
                  00013734    00000068     multi_role.obj (.text:mr_doConnUpdate)
                  0001379c    00000068     ble5_multi_role_cc2640r2lp_stack_library.lib : osal_cbtimer.obj (.text:osal_CbTimerUpdate)
                  00013804    00000066     cc2640_ll_pcxx.a : ll_common.o (.text)
                  0001386a    00000066                      : ll_common.o (.text)
                  000138d0    00000066                      : ll_common.o (.text)
                  00013936    00000066                      : ll_privacy.o (.text)
                  0001399c    00000064     ble5_multi_role_cc2640r2lp_stack_library.lib : gap.obj (.text:GAP_DeviceInit)
                  00013a00    00000064     icall.obj (.text:ICall_send)
                  00013a64    00000064     icall.obj (.text:ICall_sendServiceComplete)
                  00013ac8    00000064     cc26xx_profiles_pcxx.a : gattservapp.o (.text)
                  00013b2c    00000064     RFCC26XX_singleMode.obj (.text:fsmXOSCState$7)
                  00013b90    00000062     cc2640_ll_pcxx.a : ll_common.o (.text)
                  00013bf2    00000062                      : ll_common.o (.text)
                  00013c54    00000062                      : ll_privacy.o (.text)
                  00013cb6    00000062     ble5_multi_role_cc2640r2lp_stack_library.lib : gapbondmgr.obj (.text:gapBondMgrBondReq$35)
                  00013d18    00000060     icall.obj (.text:ICall_enrollService)
                  00013d78    00000060     RFCC26XX_singleMode.obj (.text:RF_getCurrentTime)
                  00013dd8    00000060     cc2640_ll_pcxx.a : ll_common.o (.text)
                  00013e38    00000060     cc26xx_sm_pcxx.a : sm_intpairing.o (.text)
                  00013e98    0000005e     icall.obj (.text:ICall_fetchMsg)
                  00013ef6    0000005e     cc2640_ll_pcxx.a : ll_common.o (.text)
                  00013f54    0000005e     cc26xx_gap_pcxx.a : gap_centlinkmgr.o (.text)
                  00013fb2    0000005e     cc26xx_gatt_pcxx.a : gatt_client.o (.text)
                  00014010    0000005c     display.aem3 : Display.oem3 (.text:Display_doOpen)
                  0001406c    0000005c     icall.obj (.text:ICall_pwrUpdActivityCounter)
                  000140c8    0000005c     drivers_cc26x0r2.aem3 : PowerCC26XX_calibrateRCOSC.oem3 (.text:PowerCC26XX_RCOSC_clockFunc)
                  00014124    0000005c     cc2640_ll_pcxx.a : ll_common.o (.text)
                  00014180    0000005c                      : ll_common.o (.text)
                  000141dc    0000005c     cc26xx_gatt_pcxx.a : gatt_client.o (.text)
                  00014238    0000005c     cc26xx_profiles_pcxx.a : gattservapp.o (.text)
                  00014294    0000005c     simple_gatt_profile.obj (.text:simpleProfile_ReadAttrCB$18)
                  000142f0    0000005c     app_ble_pem3.oem3 (.text:xdc_runtime_Startup_getState__I)
                  0001434c    0000005b     rom_sysbios.aem3 : rom_sysbios.obj (.text:xdc_runtime_Text_putLab__E)
                  000143a7    00000001     --HOLE-- [fill = 0]
                  000143a8    00000058     icall.obj (.text:ICall_wait)
                  00014400    00000058     drivers_cc26x0r2.aem3 : PINCC26XX.oem3 (.text:PIN_remove)
                  00014458    00000058                           : UARTCC26XX.oem3 (.text:UARTCC26XX_control)
                  000144b0    00000058     cc2640_ll_pcxx.a : ll_common.o (.text)
                  00014508    00000058                      : ll_enc.o (.text)
                  00014560    00000058     cc26xx_gap_pcxx.a : gap_centdevmgr.o (.text)
                  000145b8    00000058                       : linkdb.o (.text)
                  00014610    00000058     cc26xx_sm_pcxx.a : sm_intpairing.o (.text)
                  00014668    00000058                      : sm_intpairing.o (.text)
                  000146c0    00000058     ble5_multi_role_cc2640r2lp_stack_library.lib : gapbondmgr.obj (.text:gapBondMgrChangeState$35)
                  00014718    00000058                                                  : gapbondmgr.obj (.text:gapBondMgrReadBonds$35)
                  00014770    00000058                                                  : osal_cbtimer.obj (.text:osal_CbTimerStop)
                  000147c8    00000056     cc2640_ll_pcxx.a : ll_common.o (.text)
                  0001481e    00000056     cc26xx_sm_pcxx.a : sm_intpairing.o (.text)
                  00014874    00000054     ble5_multi_role_cc2640r2lp_stack_library.lib : gapbondmgr.obj (.text:GAPBondMgr_LinkTerm)
                  000148c8    00000054     cc2640_hci_pcxx.a : hci_event.o (.text)
                  0001491c    00000054     cc2640_ll_pcxx.a : ll.o (.text)
                  00014970    00000054                      : ll_common.o (.text)
                  000149c4    00000054                      : ll_common.o (.text)
                  00014a18    00000054     cc26xx_gatt_pcxx.a : gatt_client.o (.text)
                  00014a6c    00000054     RFCC26XX_singleMode.obj (.text:hwiFxnHw$7)
                  00014ac0    00000054     RFCC26XX_singleMode.obj (.text:ratChanFree$7)
                  00014b14    00000054     rtsv7M3_T_le_eabi.lib : exit.obj (.text)
                  00014b68    00000052     cc2640_ll_pcxx.a : ll.o (.text)
                  00014bba    00000052                      : ll_common.o (.text)
                  00014c0c    00000052                      : ll_common.o (.text)
                  00014c5e    00000052     ble5_multi_role_cc2640r2lp_stack_library.lib : osal_snv_wrapper.obj (.text:findItem$32)
                  00014cb0    00000050     ECCROMCC26XX.obj (.text:ECCROMCC26XX_Params_init)
                  00014d00    00000050     icall.obj (.text:ICall_registerApp)
                  00014d50    00000050     ble5_multi_role_cc2640r2lp_stack_library.lib : npi.obj (.text:NPI_WriteTransport)
                  00014da0    00000050     RFCC26XX_singleMode.obj (.text:RF_getInfo)
                  00014df0    00000050     util.obj (.text:Util_convertBdAddr2Str)
                  00014e40    00000050     cc2640_ll_pcxx.a : ll.o (.text)
                  00014e90    00000050                      : ll.o (.text)
                  00014ee0    00000050                      : ll_common.o (.text)
                  00014f30    00000050                      : ll_common.o (.text)
                  00014f80    00000050     cc26xx_profiles_pcxx.a : gattservapp.o (.text)
                  00014fd0    00000050     ble5_multi_role_cc2640r2lp_stack_library.lib : gapbondmgr.obj (.text:gapBondMgrSetStateFlagFromConnhandle$35)
                  00015020    00000050     drivers_cc26x0r2.aem3 : UARTCC26XX.oem3 (.text:startTxFifoEmptyClk)
                  00015070    0000004e     cc2640_ll_pcxx.a : ll.o (.text)
                  000150be    0000004e                      : ll_common.o (.text)
                  0001510c    0000004e                      : ll_privacy.o (.text)
                  0001515a    00000002     drivers_cc26x0r2.aem3 : PowerCC26XX.oem3 (.text:emptyClockFunc)
                  0001515c    0000004c     icall.obj (.text:ICall_newTask$9)
                  000151a8    0000004c     RFCC26XX_singleMode.obj (.text:RF_wakeupNotifyFxn$7)
                  000151f4    0000004c     cc26xx_att_pcxx.a : att_client.o (.text)
                  00015240    0000004c     cc26xx_gap_pcxx.a : gap_centdevmgr.o (.text)
                  0001528c    0000004c                       : gap_centlinkmgr.o (.text)
                  000152d8    0000004c                       : gap_perilinkmgr.o (.text)
                  00015324    0000004c     ble5_multi_role_cc2640r2lp_stack_library.lib : gapbondmgr.obj (.text:gapBondMgrUpdateLruBondList$35)
                  00015370    0000004c                                                  : gapbondmgr.obj (.text:gapBondStateDoGATTDisc$35)
                  000153bc    0000004c     multi_role.obj (.text:multi_role_enqueueMsg$2)
                  00015408    0000004c     ble5_multi_role_cc2640r2lp_stack_library.lib : osal_bufmgr.obj (.text:osal_bm_free)
                  00015454    0000004c     rtsv7M3_T_le_eabi.lib : cpy_tbl.obj (.text)
                  000154a0    0000004c     RFCC26XX_singleMode.obj (.text:syncCb$7)
                  000154ec    0000004a     cc26xx_sm_pcxx.a : sm_mgr.o (.text)
                  00015536    00000002     hal_assert.obj (.text:halAssertHandler)
                  00015538    00000048     ECCROMCC26XX.obj (.text:ECC_initGlobals$6)
                  00015580    00000048     ble5_multi_role_cc2640r2lp_stack_library.lib : gapbondmgr.obj (.text:GAPBondMgr_ReadGattChar)
                  000155c8    00000048     drivers_cc26x0r2.aem3 : PINCC26XX.oem3 (.text:PIN_setOutputEnable)
                  00015610    00000048     util.obj (.text:Util_constructClock)
                  00015658    00000048     cc2640_ll_pcxx.a : ble.o (.text)
                  000156a0    00000048                      : ll.o (.text)
                  000156e8    00000048                      : ll.o (.text)
                  00015730    00000048     cc26xx_gap_pcxx.a : gap_centdevmgr.o (.text)
                  00015778    00000048     cc26xx_gatt_pcxx.a : gatt_client.o (.text)
                  000157c0    00000048     cc26xx_profiles_pcxx.a : gattservapp.o (.text)
                  00015808    00000048     cc26xx_sm_pcxx.a : sm_intpairing.o (.text)
                  00015850    00000048                      : sm_intpairing.o (.text)
                  00015898    00000048     ble5_multi_role_cc2640r2lp_stack_library.lib : osal_snv_wrapper.obj (.text:erasePage$32)
                  000158e0    00000048                                                  : osal_timers.obj (.text:osalAddTimer)
                  00015928    00000046     cc26xx_gatt_pcxx.a : gatt_client.o (.text)
                  0001596e    00000002     hal_assert.obj (.text:halAssertSpinlock)
                  00015970    00000044     driverlib.lib : osc.obj (.text:NOROM_OSCHF_SwitchToRcOscTurnOffXosc)
                  000159b4    00000044     drivers_cc26x0r2.aem3 : PINCC26XX.oem3 (.text:PIN_swi)
                  000159f8    00000044                           : RingBuf.oem3 (.text:RingBuf_put)
                  00015a3c    00000044     boot.aem3 : boot.oem3 (.text)
                  00015a80    00000044     cc2640_ll_pcxx.a : ll.o (.text)
                  00015ac4    00000044                      : ll_scheduler.o (.text)
                  00015b08    00000044     ble5_multi_role_cc2640r2lp_stack_library.lib : gapbondmgr.obj (.text:gapBondStateStartSecurity$35)
                  00015b4c    00000044     drivers_cc26x0r2.aem3 : PowerCC26XX.oem3 (.text:notify)
                  00015b90    00000044     ble5_multi_role_cc2640r2lp_stack_library.lib : osal_timers.obj (.text:osal_start_timerEx)
                  00015bd4    00000044     rom_sysbios.aem3 : rom_sysbios.obj (.text:xdc_runtime_Text_xprintf__I)
                  00015c18    00000042     ble5_multi_role_cc2640r2lp_stack_library.lib : gapbondmgr.obj (.text:GAPBondMgr_UpdateCharCfg)
                  00015c5a    00000042     cc2640_ll_pcxx.a : ble.o (.text)
                  00015c9c    00000042                      : ll.o (.text)
                  00015cde    00000042                      : ll.o (.text)
                  00015d20    00000042                      : ll_access_address.o (.text)
                  00015d62    00000002     icall_api_lite.obj (.text:rfErrCb)
                  00015d64    00000040     ECCROMCC26XX.obj (.text:ECCROMCC26XX_init)
                  00015da4    00000040     RFCC26XX_singleMode.obj (.text:RF_getRssi)
                  00015de4    00000040     dpl_cc26x0r2.aem3 : SemaphoreP_tirtos.oem3 (.text:SemaphoreP_create)
                  00015e24    00000040     drivers_cc26x0r2.aem3 : UART.oem3 (.text:UART_init)
                  00015e64    00000040                           : UART.oem3 (.text:UART_open)
                  00015ea4    00000040     cc2640_ll_pcxx.a : ll.o (.text)
                  00015ee4    00000040                      : ll.o (.text)
                  00015f24    00000040                      : ll_common.o (.text)
                  00015f64    00000040                      : ll_common.o (.text)
                  00015fa4    00000040                      : ll_common.o (.text)
                  00015fe4    00000040                      : ll_isr.o (.text)
                  00016024    00000040     cc26xx_gap_pcxx.a : gap_centdevmgr.o (.text)
                  00016064    00000040                       : gap_centdevmgr.o (.text)
                  000160a4    00000040     cc26xx_profiles_pcxx.a : gattservapp.o (.text)
                  000160e4    00000040     multi_role.obj (.text:mr_doDisconnect)
                  00016124    00000040     multi_role.obj (.text:multi_role_createTask)
                  00016164    00000040     rtsv7M3_T_le_eabi.lib : u_divt2.obj (.text)
                  000161a4    0000003e     drivers_cc26x0r2.aem3 : RingBuf.oem3 (.text:RingBuf_get)
                  000161e2    0000003e     cc2640_ll_pcxx.a : ll_common.o (.text)
                  00016220    0000003e     cc26xx_gatt_pcxx.a : gatt_client.o (.text)
                  0001625e    00000002     rtsv7M3_T_le_eabi.lib : i_div0.obj (.text)
                  00016260    0000003c     multi.obj (.text:GAPRole_createTask)
                  0001629c    0000003c     driverlib.lib : osc.obj (.text:NOROM_OSC_HPOSCRelativeFrequencyOffsetGet)
                  000162d8    0000003c     drivers_cc26x0r2.aem3 : PowerCC26XX.oem3 (.text:PowerCC26XX_isStableXOSC_HF)
                  00016314    0000003c                           : PowerCC26XX.oem3 (.text:PowerCC26XX_switchXOSC_HF)
                  00016350    0000003c     RFCC26XX_singleMode.obj (.text:RF_runCmd)
                  0001638c    0000003c     simple_gatt_profile.obj (.text:SimpleProfile_GetParameter)
                  000163c8    0000003c     cc2640_ll_pcxx.a : ll_common.o (.text)
                  00016404    0000003c                      : ll_common.o (.text)
                  00016440    0000003c                      : ll_scheduler.o (.text)
                  0001647c    0000003c     cc26xx_gap_pcxx.a : gap_centdevmgr.o (.text)
                  000164b8    0000003c                       : gap_centlinkmgr.o (.text)
                  000164f4    0000003c     cc26xx_profiles_pcxx.a : gattservapp.o (.text)
                  00016530    0000003c                            : gattservapp.o (.text)
                  0001656c    0000003c                            : gattservapp.o (.text)
                  000165a8    0000003c     cc26xx_sm_pcxx.a : sm_intpairing.o (.text)
                  000165e4    0000003c     ble5_multi_role_cc2640r2lp_stack_library.lib : osal_bufmgr.obj (.text:osal_bm_alloc)
                  00016620    0000003c                                                  : osal_timers.obj (.text:osal_start_reload_timer)
                  0001665c    0000003c     RFCC26XX_singleMode.obj (.text:postDirImmCmd$7)
                  00016698    0000003a     cc2640_ll_pcxx.a : ll_common.o (.text)
                  000166d2    0000003a     cc26xx_gatt_pcxx.a : gatt_client.o (.text)
                  0001670c    00000038     board_key.obj (.text:Board_keyCallback$0)
                  00016744    00000038     drivers_cc26x0r2.aem3 : PINCC26XX.oem3 (.text:PIN_setOutputValue)
                  0001677c    00000038                           : UARTCC26XX.oem3 (.text:UARTCC26XX_swiIntFxn)
                  000167b4    00000038     util.obj (.text:Util_restartClock)
                  000167ec    00000038     cc2640_ll_pcxx.a : ble.o (.text)
                  00016824    00000038                      : ll.o (.text)
                  0001685c    00000038                      : ll_common.o (.text)
                  00016894    00000038                      : ll_common.o (.text)
                  000168cc    00000038                      : ll_common.o (.text)
                  00016904    00000038                      : ll_common.o (.text)
                  0001693c    00000038                      : ll_common.o (.text)
                  00016974    00000038                      : ll_privacy.o (.text)
                  000169ac    00000038                      : ll_scheduler.o (.text)
                  000169e4    00000038                      : ll_scheduler.o (.text)
                  00016a1c    00000038     cc26xx_gap_pcxx.a : gap_centdevmgr.o (.text)
                  00016a54    00000038                       : gap_centlinkmgr.o (.text)
                  00016a8c    00000038     cc26xx_gatt_pcxx.a : gatt_client.o (.text)
                  00016ac4    00000038                        : gatt_client.o (.text)
                  00016afc    00000038     cc26xx_l2cap_pcxx.a : l2cap_util.o (.text)
                  00016b34    00000038     cc26xx_sm_pcxx.a : sm_mgr.o (.text)
                  00016b6c    00000038     ble5_multi_role_cc2640r2lp_stack_library.lib : osal_snv_wrapper.obj (.text:disableCache$32)
                  00016ba4    00000038     RFCC26XX_singleMode.obj (.text:dispatchOpWhen$7)
                  00016bdc    00000038     ble5_multi_role_cc2640r2lp_stack_library.lib : osal.obj (.text:osal_alien2proxy)
                  00016c14    00000038     two_btn_menu.obj (.text:tbm_goTo)
                  00016c4c    00000038     rom_sysbios.aem3 : rom_sysbios.obj (.text:ti_sysbios_family_arm_cc26xx_Timer_getCurrentTick__E)
                  00016c84    00000038                      : rom_sysbios.obj (.text:ti_sysbios_family_arm_cc26xx_Timer_setThreshold__I)
                  00016cbc    00000036     drivers_cc26x0r2.aem3 : CryptoCC26XX.oem3 (.text:CryptoCC26XX_loadKey)
                  00016cf2    00000002     app_ble_pem3.oem3 (.text:ti_sysbios_BIOS_nullFunc__I)
                  00016cf4    00000034     multi.obj (.text:GAPRole_StartDiscovery)
                  00016d28    00000034     gattservapp_util.obj (.text:GATTServApp_InitCharCfg)
                  00016d5c    00000034     icall.obj (.text:ICall_searchServiceEntity)
                  00016d90    00000034     drivers_cc26x0r2.aem3 : PINCC26XX.oem3 (.text:PIN_setConfig)
                  00016dc4    00000034                           : PowerCC26XX.oem3 (.text:Power_releaseConstraint)
                  00016df8    00000034     RFCC26XX_singleMode.obj (.text:Q_push$7)
                  00016e2c    00000034     cc2640_ll_pcxx.a : ble.o (.text)
                  00016e60    00000034                      : ll.o (.text)
                  00016e94    00000034                      : ll_common.o (.text)
                  00016ec8    00000034                      : ll_scheduler.o (.text)
                  00016efc    00000034     cc26xx_gatt_pcxx.a : gatt_client.o (.text)
                  00016f30    00000034     cc26xx_hci_tl_none.a : hci_tl.o (.text)
                  00016f64    00000034     ble5_multi_role_cc2640r2lp_stack_library.lib : osal.obj (.text:osal_clear_event)
                  00016f98    00000034                                                  : osal.obj (.text:osal_msec_timer_cback$27)
                  00016fcc    00000034                                                  : osal_timers.obj (.text:osal_stop_timerEx)
                  00017000    00000034     two_btn_menu.obj (.text:tbm_findActiveItem)
                  00017034    00000034     rom_sysbios.aem3 : rom_sysbios.obj (.text:ti_sysbios_family_arm_cc26xx_Timer_initDevice__I)
                  00017068    00000032     icall.obj (.text:ICall_fetchServiceMsg)
                  0001709a    00000032     cc2640_ll_pcxx.a : ll_access_address.o (.text)
                  000170cc    00000032                      : ll_access_address.o (.text)
                  000170fe    00000032     multi_role.obj (.text:multi_role_passcodeCB$2)
                  00017130    00000032     rom_sysbios.aem3 : rom_sysbios.obj (.text:ti_sysbios_family_arm_cc26xx_Timer_setNextTick__E)
                  00017162    00000002     app_ble_pem3.oem3 (.text:ti_sysbios_rom_cortexm_cc26xx_r2_CC26xx_badRomRevision__E)
                  00017164    00000030     ble5_multi_role_cc2640r2lp_stack_library.lib : gapbondmgr.obj (.text:GAPBondMgr_PasscodeRsp)
                  00017194    00000030                                                  : hal_flash_wrapper.obj (.text:HalFlashRead)
                  000171c4    00000030     icall.obj (.text:ICall_dispatch$9)
                  000171f4    00000030     icall.obj (.text:ICall_msecs2Ticks$9)
                  00017224    00000030     icall.obj (.text:ICall_primEntityId2ServiceId$9)
                  00017254    00000030     icall.obj (.text:ICall_searchTask$9)
                  00017284    00000030     drivers_cc26x0r2.aem3 : PowerCC26XX.oem3 (.text:Power_setConstraint)
                  000172b4    00000030     cc2640_ll_pcxx.a : ll.o (.text)
                  000172e4    00000030                      : ll.o (.text)
                  00017314    00000030                      : ll_access_address.o (.text)
                  00017344    00000030                      : ll_access_address.o (.text)
                  00017374    00000030     cc26xx_att_pcxx.a : att_client.o (.text)
                  000173a4    00000030                       : att_client.o (.text)
                  000173d4    00000030     cc26xx_gatt_pcxx.a : gatt_client.o (.text)
[...]
2000459c  slaveConnHandle                                                           
2000459e  nextHandle                                                                
200045a0  l2capMtuSize                                                              
200045a2  gapAppTaskID                                                              
200045a3  gapAdvAppTaskID                                                           
200045a4  gapUnwantedTaskID                                                         
200045a5  reqTaskId                                                                 
200045a6  gattAppTaskID                                                             
200045a7  appTaskID                                                                 
200045a8  flowCtrlTaskId                                                            
200045a9  SM_appTaskID                                                              
200047cc  wlTable                                                                   
200048a8  wlTableScan                                                               
20004a20  advCmd                                                                    
20004a68  localEccKeys                                                              
20004b1c  l2capFixedChannels                                                        
20004b4c  linkCBs                                                                   
20004b7c  eccParams                                                                 
20004bac  initParam                                                                 
20004bd0  scanParam                                                                 
20004bf4  advParam                                                                  
20004c14  cryptoPRAND                                                               
20004c34  txModemTestCmd                                                            
20004c50  gapParams                                                                 
20004c6c  initCmd                                                                   
20004c84  connReqData                                                               
20004c9c  scanCmd                                                                   
20004cb4  scanOutput                                                                
20004ce4  rxModemTestCmd                                                            
20004cfc  rsp                                                                       
20004d14  fwParDtmCmd                                                               
20004d44  fwParRfCmd                                                                
20004d5c  connOutput                                                                
20004d70  rxTestParam                                                               
20004d84  initDataQueue                                                             
20004d94  scanDataQueue                                                             
20004da4  advDataQueue                                                              
20004db4  advOutput                                                                 
20004dc4  txTestParam                                                               
20004dd4  initOutput                                                                
20004de0  rxTestOut                                                                 
20004df8  cachedTRNGdata                                                            
20004e04  gapCurrentRandomAddr                                                      
20004e0c  slaveUpdateReq                                                            
20004e14  pBleEvtMask                                                               
20004e1c  pHciEvtMask                                                               
20004e24  pHciEvtMask2                                                              
20004e2c  ownPublicAddr                                                             
20004e34  ownRandomAddr                                                             
20004e3c  ownSavedPublicAddr                                                        
20004e44  fwImmedCmd                                                                
20004e4c  attServerNotifyTxCB                                                       
20004e50  rfEvent                                                                   
20004e58  fwParCmd                                                                  
20004e60  verInfo                                                                   
20004e68  llConns                                                                   
20004e70  fwParamImmedCmd                                                           
20004e78  privInfo                                                                  
20004e88  rxDataQ                                                                   
20004e8c  txDataQ                                                                   
20004e90  rxRingBuf                                                                 
20004e94  txTestOut                                                                 
20004e98  pGapDiscReq                                                               
20004e9c  pGapAdvertState                                                           
20004ea0  pEstLink                                                                  
20004ea4  pAuthLink                                                                 
20004ea8  pfnCentralConnCBs                                                         
20004eac  pfnPeripheralConnCBs                                                      
20004eb0  pGapAdvTokens                                                             
20004eb4  pGapAdData                                                                
20004eb8  pGapScanRspData                                                           
20004ebc  pfnPeripheralCBs                                                          
20004ec0  pfnCentralCBs                                                             
20004ec4  pfnBondMgrCBs                                                             
20004ec8  serverInfoTbl                                                             
20004ecc  pServiceList                                                              
20004ed0  pfnServerProcessMsgCB                                                     
20004ed4  pfnClientProcessMsgCB                                                     
20004ed8  prepareWritesTbl                                                          
20004edc  serviceCBsList                                                            
20004ee0  pAttrValue                                                                
20004ee4  l2capChannels                                                             
20004ee8  linkDB                                                                    
20004eec  rfHandle                                                                  
20004ef0  rfDrvTblPtr                                                               
20004ef4  eccDrvTblPtr                                                              
20004ef8  cryptoDrvTblPtr                                                           
20004efc  trngDrvTblPtr                                                             
20004f00  activeConns                                                               
20004f04  SysBootMsg                                                                
20004f08  sclkSrc                                                                   
20004f0c  buildInfo                                                                 
20004f10  advInfo                                                                   
20004f18  initInfo                                                                  
20004f20  taskEndAction                                                             
20004f24  encParams                                                                 
20004f28  encHandle                                                                 
20004f2c  encKey                                                                    
20004f30  pPairingParams                                                            
20004f34  pfnResponderCBs                                                           
20004f38  pfnInitiatorCBs                                                           
20004f3c  gapLimitedAdvertisingTimeout                                              
20004f3e  attrLen                                                                   
20004f40  numHostBufs                                                               
20004f42  rfCmdHandle                                                               
20004f44  connInitialMaxTxOctets                                                    
20004f46  connInitialMaxTxTime                                                      
20004f48  supportedMaxTxOctets                                                      
20004f4a  supportedMaxTxTime                                                        
20004f4c  supportedMaxRxOctets                                                      
20004f4e  supportedMaxRxTime                                                        
20004f50  taskEndStatus                                                             
20004f52  postRfOperations                                                          
20004f54  rfCfgAdiVal                                                               
20004f58  gapProfileRole                                                            
20004f59  gapDeviceAddrMode                                                         
20004f5a  gapState                                                                  
20004f5b  terminateAllTaskID                                                        
20004f5c  terminateReason                                                           
20004f5d  gapTaskID                                                                 
20004f5e  gattNumConns                                                              
20004f5f  gattTaskID                                                                
20004f60  GATTServApp_TaskID                                                        
20004f61  maxNumPrepareWrites                                                       
20004f62  hciPTMenabled                                                             
20004f63  ctrlToHostEnable                                                          
20004f64  l2capFlowCtrlMode                                                         
20004f65  l2capTaskID                                                               
20004f66  l2capNumChannels                                                          
20004f67  l2capNumDataPkts                                                          
20004f68  l2capId                                                                   
20004f69  linkDBNumConns                                                            
20004f6a  linkDB_secureConnectionOnlyMode                                           
20004f6b  maxPduSize                                                                
20004f6c  rfFeModeBias                                                              
20004f6d  maxNumTxDataBufs                                                          
20004f6e  LL_TaskID                                                                 
20004f6f  llState                                                                   
20004f70  rssiCorrection                                                            
20004f71  curTxPowerVal                                                             
20004f72  maxTxPwrForDTM                                                            
20004f73  onePktPerEvt                                                              
20004f74  numComplPkts                                                              
20004f75  numComplPktsLimit                                                         
20004f76  numComplPktsFlush                                                         
20004f77  fastTxRespTime                                                            
20004f78  slOverride                                                                
20004f79  rxFifoFlowCtrl                                                            
20004f7a  numTxDataBufs                                                             
20004f7b  maxNumConns                                                               
20004f7c  smTaskID                                                                  
20004f7d  SM_appExpectingKey                                                        
20004f80  ECC_DATA$$Base                                                            
20004f80  eccRom_param_Gx                                                           
20004f84  eccRom_param_Gy                                                           
20004f88  eccRom_workzone                                                           
20004f8c  eccRom_param_p                                                            
20004f90  eccRom_param_r                                                            
20004f94  eccRom_param_a                                                            
20004f98  eccRom_param_b                                                            
20004f9c  eccRom_windowSize                                                         
20004fa0  aux64                                                                     
20004fa8  MOD                                                                       
20004fac  LEN                                                                       
20004fb0  inScalar                                                                  
20004fb4  inPointX                                                                  
20004fb8  inPointY                                                                  
20004fbc  outPointX                                                                 
20004fc0  outPointY                                                                 
20004fc4  SCAL                                                                      
20004fc8  EXPX                                                                      
20004fcc  EXPY                                                                      
20004fd0  EXPZ                                                                      
20004fd4  EXPW                                                                      
20004fd8  ACCX                                                                      
20004fdc  ACCY                                                                      
20004fe0  ACCZ                                                                      
20004fe4  TMP1                                                                      
20004fe8  TMP2                                                                      
20004fec  TMP3                                                                      
20004ff0  TMP4                                                                      
20004ff4  TMP5                                                                      
20004ff8  TMP6                                                                      
20004ffc  MSBMOD                                                                    
20005000  ECC_DATA$$Limit                                                           
e000e000  ti_sysbios_family_arm_m3_Hwi_nvic                                         
ffffffff  __TI_pprof_out_hndl                                                       
ffffffff  __TI_prof_data_size                                                       
ffffffff  __TI_prof_data_start                                                      
ffffffff  __binit__                                                                 
ffffffff  __c_args__                                                                
ffffffff  binit                                                                     
UNDEFED   HwiP_restore                                                              
UNDEFED   ICall_getTicks                                                            
UNDEFED   SHT$$INIT_ARRAY$$Base                                                     
UNDEFED   SHT$$INIT_ARRAY$$Limit                                                    
UNDEFED   ti_sysbios_BIOS_RtsGateProxy_Handle__label__S__mangled__                  
UNDEFED   ti_sysbios_BIOS_RtsGateProxy_Params__init__S__mangled__                   
UNDEFED   ti_sysbios_BIOS_RtsGateProxy_query__E__mangled__                          
UNDEFED   ti_sysbios_hal_Hwi_HwiProxy_Module__startupDone__S__mangled__             
UNDEFED   ti_sysbios_hal_Hwi_HwiProxy_Params__init__S__mangled__                    
UNDEFED   ti_sysbios_hal_Hwi_HwiProxy_disableInterrupt__E__mangled__                
UNDEFED   ti_sysbios_hal_Hwi_HwiProxy_enableInterrupt__E__mangled__                 
UNDEFED   ti_sysbios_hal_Hwi_HwiProxy_getStackInfo__E__mangled__                    
UNDEFED   ti_sysbios_hal_Hwi_HwiProxy_startup__E__mangled__                         
UNDEFED   ti_sysbios_hal_Hwi_HwiProxy_switchFromBootStack__E__mangled__             
UNDEFED   ti_sysbios_hal_Hwi_disableInterrupt__E                                    
UNDEFED   ti_sysbios_hal_Hwi_enableInterrupt__E                                     
UNDEFED   ti_sysbios_hal_Hwi_getStackInfo__E                                        
UNDEFED   ti_sysbios_hal_Hwi_startup__E                                             
UNDEFED   ti_sysbios_hal_Hwi_switchFromBootStack__E                                 
UNDEFED   ti_sysbios_heaps_HeapMem_Module_GateProxy_Handle__label__S__mangled__     
UNDEFED   ti_sysbios_heaps_HeapMem_Module_GateProxy_Params__init__S__mangled__      
UNDEFED   ti_sysbios_heaps_HeapMem_Module_GateProxy_query__E__mangled__             
UNDEFED   ti_sysbios_knl_Clock_TimerProxy_Module__startupDone__S__mangled__         
UNDEFED   ti_sysbios_knl_Clock_TimerProxy_startup__E__mangled__                     
UNDEFED   ti_sysbios_knl_Task_SupportProxy_Module__startupDone__S__mangled__        
UNDEFED   ti_sysbios_knl_Task_SupportProxy_getStackAlignment__E__mangled__          
UNDEFED   ti_sysbios_knl_Task_SupportProxy_start__E__mangled__                      
UNDEFED   ti_sysbios_knl_Task_SupportProxy_swap__E__mangled__                       
UNDEFED   xdc_runtime_Main_Module_GateProxy_Handle__label__S                        
UNDEFED   xdc_runtime_Main_Module_GateProxy_query__E                                
UNDEFED   xdc_runtime_Memory_HeapProxy_Handle__label__S__mangled__                  
UNDEFED   xdc_runtime_System_Module_GateProxy_Handle__label__S__mangled__           
UNDEFED   xdc_runtime_System_Module_GateProxy_query__E__mangled__                   
UNDEFED   xdc_runtime_System_SupportProxy_abort__E                                  
UNDEFED   xdc_runtime_System_SupportProxy_exit__E                                   
UNDEFED   xdc_runtime_Timestamp_SupportProxy_get64__E__mangled__                    
UNDEFED   xdc_runtime_Timestamp_SupportProxy_getFreq__E__mangled__                  
UNDEFED   xdc_runtime_Timestamp_get32__E                                            
UNDEFED   xdc_runtime_Timestamp_get64__E                                            
UNDEFED   xdc_runtime_Timestamp_getFreq__E                                          

[2336 symbols]
